Archive member included to satisfy reference by file (symbol)

/Applications/ArmGNUToolchain/15.3.rel1/arm-none-eabi/bin/../lib/gcc/arm-none-eabi/15.3.1/thumb/v7e-m+fp/hard/libgcc.a(_aeabi_uldivmod.o)
                              cmake/stm32cubemx/CMakeFiles/STM32_Drivers.dir/__/__/Drivers/STM32G4xx_HAL_Driver/Src/stm32g4xx_hal_uart.c.obj (__aeabi_uldivmod)
/Applications/ArmGNUToolchain/15.3.rel1/arm-none-eabi/bin/../lib/gcc/arm-none-eabi/15.3.1/thumb/v7e-m+fp/hard/libgcc.a(_udivmoddi4.o)
                              /Applications/ArmGNUToolchain/15.3.rel1/arm-none-eabi/bin/../lib/gcc/arm-none-eabi/15.3.1/thumb/v7e-m+fp/hard/libgcc.a(_aeabi_uldivmod.o) (__udivmoddi4)
/Applications/ArmGNUToolchain/15.3.rel1/arm-none-eabi/bin/../lib/gcc/arm-none-eabi/15.3.1/thumb/v7e-m+fp/hard/libgcc.a(_dvmd_tls.o)
                              /Applications/ArmGNUToolchain/15.3.rel1/arm-none-eabi/bin/../lib/gcc/arm-none-eabi/15.3.1/thumb/v7e-m+fp/hard/libgcc.a(_aeabi_uldivmod.o) (__aeabi_ldiv0)
/Applications/ArmGNUToolchain/15.3.rel1/arm-none-eabi/bin/../lib/gcc/arm-none-eabi/15.3.1/../../../../arm-none-eabi/lib/thumb/v7e-m+fp/hard/libg_nano.a(libc_a-exit.o)
                              /Applications/ArmGNUToolchain/15.3.rel1/arm-none-eabi/bin/../lib/gcc/arm-none-eabi/15.3.1/../../../../arm-none-eabi/lib/thumb/v7e-m+fp/hard/crt0.o (exit)
/Applications/ArmGNUToolchain/15.3.rel1/arm-none-eabi/bin/../lib/gcc/arm-none-eabi/15.3.1/../../../../arm-none-eabi/lib/thumb/v7e-m+fp/hard/libg_nano.a(libc_a-setvbuf.o)
                              CMakeFiles/hab_bringup.dir/Core/Src/main.c.obj (setvbuf)
/Applications/ArmGNUToolchain/15.3.rel1/arm-none-eabi/bin/../lib/gcc/arm-none-eabi/15.3.1/../../../../arm-none-eabi/lib/thumb/v7e-m+fp/hard/libg_nano.a(libc_a-fflush.o)
                              /Applications/ArmGNUToolchain/15.3.rel1/arm-none-eabi/bin/../lib/gcc/arm-none-eabi/15.3.1/../../../../arm-none-eabi/lib/thumb/v7e-m+fp/hard/libg_nano.a(libc_a-setvbuf.o) (_fflush_r)
/Applications/ArmGNUToolchain/15.3.rel1/arm-none-eabi/bin/../lib/gcc/arm-none-eabi/15.3.1/../../../../arm-none-eabi/lib/thumb/v7e-m+fp/hard/libg_nano.a(libc_a-findfp.o)
                              /Applications/ArmGNUToolchain/15.3.rel1/arm-none-eabi/bin/../lib/gcc/arm-none-eabi/15.3.1/../../../../arm-none-eabi/lib/thumb/v7e-m+fp/hard/libg_nano.a(libc_a-fflush.o) (__sglue)
/Applications/ArmGNUToolchain/15.3.rel1/arm-none-eabi/bin/../lib/gcc/arm-none-eabi/15.3.1/../../../../arm-none-eabi/lib/thumb/v7e-m+fp/hard/libg_nano.a(libc_a-fwalk.o)
                              /Applications/ArmGNUToolchain/15.3.rel1/arm-none-eabi/bin/../lib/gcc/arm-none-eabi/15.3.1/../../../../arm-none-eabi/lib/thumb/v7e-m+fp/hard/libg_nano.a(libc_a-fflush.o) (_fwalk_sglue)
/Applications/ArmGNUToolchain/15.3.rel1/arm-none-eabi/bin/../lib/gcc/arm-none-eabi/15.3.1/../../../../arm-none-eabi/lib/thumb/v7e-m+fp/hard/libg_nano.a(libc_a-makebuf.o)
                              /Applications/ArmGNUToolchain/15.3.rel1/arm-none-eabi/bin/../lib/gcc/arm-none-eabi/15.3.1/../../../../arm-none-eabi/lib/thumb/v7e-m+fp/hard/libg_nano.a(libc_a-setvbuf.o) (__swhatbuf_r)
/Applications/ArmGNUToolchain/15.3.rel1/arm-none-eabi/bin/../lib/gcc/arm-none-eabi/15.3.1/../../../../arm-none-eabi/lib/thumb/v7e-m+fp/hard/libg_nano.a(libc_a-puts.o)
                              CMakeFiles/hab_bringup.dir/Core/Src/main.c.obj (puts)
/Applications/ArmGNUToolchain/15.3.rel1/arm-none-eabi/bin/../lib/gcc/arm-none-eabi/15.3.1/../../../../arm-none-eabi/lib/thumb/v7e-m+fp/hard/libg_nano.a(libc_a-memset.o)
                              /Applications/ArmGNUToolchain/15.3.rel1/arm-none-eabi/bin/../lib/gcc/arm-none-eabi/15.3.1/../../../../arm-none-eabi/lib/thumb/v7e-m+fp/hard/crt0.o (memset)
/Applications/ArmGNUToolchain/15.3.rel1/arm-none-eabi/bin/../lib/gcc/arm-none-eabi/15.3.1/../../../../arm-none-eabi/lib/thumb/v7e-m+fp/hard/libg_nano.a(libc_a-isattyr.o)
                              /Applications/ArmGNUToolchain/15.3.rel1/arm-none-eabi/bin/../lib/gcc/arm-none-eabi/15.3.1/../../../../arm-none-eabi/lib/thumb/v7e-m+fp/hard/libg_nano.a(libc_a-makebuf.o) (_isatty_r)
/Applications/ArmGNUToolchain/15.3.rel1/arm-none-eabi/bin/../lib/gcc/arm-none-eabi/15.3.1/../../../../arm-none-eabi/lib/thumb/v7e-m+fp/hard/libg_nano.a(libc_a-errno.o)
                              CMakeFiles/hab_bringup.dir/Core/Src/sysmem.c.obj (__errno)
/Applications/ArmGNUToolchain/15.3.rel1/arm-none-eabi/bin/../lib/gcc/arm-none-eabi/15.3.1/../../../../arm-none-eabi/lib/thumb/v7e-m+fp/hard/libg_nano.a(libc_a-init.o)
                              /Applications/ArmGNUToolchain/15.3.rel1/arm-none-eabi/bin/../lib/gcc/arm-none-eabi/15.3.1/../../../../arm-none-eabi/lib/thumb/v7e-m+fp/hard/crt0.o (__libc_init_array)
/Applications/ArmGNUToolchain/15.3.rel1/arm-none-eabi/bin/../lib/gcc/arm-none-eabi/15.3.1/../../../../arm-none-eabi/lib/thumb/v7e-m+fp/hard/libg_nano.a(libc_a-lock.o)
[...]
Memory Configuration

Name             Origin             Length             Attributes
RAM              0x20000000         0x00020000         xrw
FLASH            0x08000000         0x00080000         xr
*default*        0x00000000         0xffffffff

Linker script and memory map

LOAD /Applications/ArmGNUToolchain/15.3.rel1/arm-none-eabi/bin/../lib/gcc/arm-none-eabi/15.3.1/thumb/v7e-m+fp/hard/crti.o
LOAD /Applications/ArmGNUToolchain/15.3.rel1/arm-none-eabi/bin/../lib/gcc/arm-none-eabi/15.3.1/thumb/v7e-m+fp/hard/crtbegin.o
LOAD /Applications/ArmGNUToolchain/15.3.rel1/arm-none-eabi/bin/../lib/gcc/arm-none-eabi/15.3.1/../../../../arm-none-eabi/lib/thumb/v7e-m+fp/hard/crt0.o
LOAD cmake/stm32cubemx/CMakeFiles/STM32_Drivers.dir/__/__/Core/Src/system_stm32g4xx.c.obj
LOAD cmake/stm32cubemx/CMakeFiles/STM32_Drivers.dir/__/__/Drivers/STM32G4xx_HAL_Driver/Src/stm32g4xx_hal_uart.c.obj
LOAD cmake/stm32cubemx/CMakeFiles/STM32_Drivers.dir/__/__/Drivers/STM32G4xx_HAL_Driver/Src/stm32g4xx_hal_uart_ex.c.obj
LOAD cmake/stm32cubemx/CMakeFiles/STM32_Drivers.dir/__/__/Drivers/STM32G4xx_HAL_Driver/Src/stm32g4xx_hal.c.obj
LOAD cmake/stm32cubemx/CMakeFiles/STM32_Drivers.dir/__/__/Drivers/STM32G4xx_HAL_Driver/Src/stm32g4xx_hal_rcc.c.obj
LOAD cmake/stm32cubemx/CMakeFiles/STM32_Drivers.dir/__/__/Drivers/STM32G4xx_HAL_Driver/Src/stm32g4xx_hal_rcc_ex.c.obj
LOAD cmake/stm32cubemx/CMakeFiles/STM32_Drivers.dir/__/__/Drivers/STM32G4xx_HAL_Driver/Src/stm32g4xx_hal_flash.c.obj
LOAD cmake/stm32cubemx/CMakeFiles/STM32_Drivers.dir/__/__/Drivers/STM32G4xx_HAL_Driver/Src/stm32g4xx_hal_flash_ex.c.obj
LOAD cmake/stm32cubemx/CMakeFiles/STM32_Drivers.dir/__/__/Drivers/STM32G4xx_HAL_Driver/Src/stm32g4xx_hal_flash_ramfunc.c.obj
LOAD cmake/stm32cubemx/CMakeFiles/STM32_Drivers.dir/__/__/Drivers/STM32G4xx_HAL_Driver/Src/stm32g4xx_hal_gpio.c.obj
LOAD cmake/stm32cubemx/CMakeFiles/STM32_Drivers.dir/__/__/Drivers/STM32G4xx_HAL_Driver/Src/stm32g4xx_hal_exti.c.obj
LOAD cmake/stm32cubemx/CMakeFiles/STM32_Drivers.dir/__/__/Drivers/STM32G4xx_HAL_Driver/Src/stm32g4xx_hal_dma.c.obj
LOAD cmake/stm32cubemx/CMakeFiles/STM32_Drivers.dir/__/__/Drivers/STM32G4xx_HAL_Driver/Src/stm32g4xx_hal_dma_ex.c.obj
LOAD cmake/stm32cubemx/CMakeFiles/STM32_Drivers.dir/__/__/Drivers/STM32G4xx_HAL_Driver/Src/stm32g4xx_hal_pwr.c.obj
LOAD cmake/stm32cubemx/CMakeFiles/STM32_Drivers.dir/__/__/Drivers/STM32G4xx_HAL_Driver/Src/stm32g4xx_hal_pwr_ex.c.obj
LOAD cmake/stm32cubemx/CMakeFiles/STM32_Drivers.dir/__/__/Drivers/STM32G4xx_HAL_Driver/Src/stm32g4xx_hal_cortex.c.obj
LOAD cmake/stm32cubemx/CMakeFiles/STM32_Drivers.dir/__/__/Drivers/STM32G4xx_HAL_Driver/Src/stm32g4xx_hal_usart.c.obj
LOAD cmake/stm32cubemx/CMakeFiles/STM32_Drivers.dir/__/__/Drivers/STM32G4xx_HAL_Driver/Src/stm32g4xx_hal_usart_ex.c.obj
LOAD cmake/stm32cubemx/CMakeFiles/STM32_Drivers.dir/__/__/Drivers/BSP/STM32G4xx_Nucleo/stm32g4xx_nucleo.c.obj
LOAD CMakeFiles/hab_bringup.dir/Core/Src/main.c.obj
LOAD CMakeFiles/hab_bringup.dir/Core/Src/stm32g4xx_it.c.obj
LOAD CMakeFiles/hab_bringup.dir/Core/Src/stm32g4xx_hal_msp.c.obj
LOAD CMakeFiles/hab_bringup.dir/Core/Src/sysmem.c.obj
LOAD CMakeFiles/hab_bringup.dir/Core/Src/syscalls.c.obj
LOAD CMakeFiles/hab_bringup.dir/startup_stm32g474xx.s.obj
LOAD /Applications/ArmGNUToolchain/15.3.rel1/arm-none-eabi/bin/../lib/gcc/arm-none-eabi/15.3.1/../../../../arm-none-eabi/lib/thumb/v7e-m+fp/hard/libm.a
START GROUP
LOAD /Applications/ArmGNUToolchain/15.3.rel1/arm-none-eabi/bin/../lib/gcc/arm-none-eabi/15.3.1/thumb/v7e-m+fp/hard/libgcc.a
LOAD /Applications/ArmGNUToolchain/15.3.rel1/arm-none-eabi/bin/../lib/gcc/arm-none-eabi/15.3.1/../../../../arm-none-eabi/lib/thumb/v7e-m+fp/hard/libg_nano.a
LOAD /Applications/ArmGNUToolchain/15.3.rel1/arm-none-eabi/bin/../lib/gcc/arm-none-eabi/15.3.1/../../../../arm-none-eabi/lib/thumb/v7e-m+fp/hard/libc_nano.a
END GROUP
START GROUP
LOAD /Applications/ArmGNUToolchain/15.3.rel1/arm-none-eabi/bin/../lib/gcc/arm-none-eabi/15.3.1/thumb/v7e-m+fp/hard/libgcc.a
LOAD /Applications/ArmGNUToolchain/15.3.rel1/arm-none-eabi/bin/../lib/gcc/arm-none-eabi/15.3.1/../../../../arm-none-eabi/lib/thumb/v7e-m+fp/hard/libc_nano.a
END GROUP
LOAD /Applications/ArmGNUToolchain/15.3.rel1/arm-none-eabi/bin/../lib/gcc/arm-none-eabi/15.3.1/thumb/v7e-m+fp/hard/crtend.o
LOAD /Applications/ArmGNUToolchain/15.3.rel1/arm-none-eabi/bin/../lib/gcc/arm-none-eabi/15.3.1/thumb/v7e-m+fp/hard/crtn.o
                0x20020000                        _estack = (ORIGIN (RAM) + LENGTH (RAM))
                0x2001fc00                        _sstack = (_estack - _Min_Stack_Size)
                0x00000200                        _Min_Heap_Size = 0x200
                0x00000400                        _Min_Stack_Size = 0x400

.isr_vector     0x08000000      0x1d8
                0x08000000                        . = ALIGN (0x4)
 *(.isr_vector)
 .isr_vector    0x08000000      0x1d8 CMakeFiles/hab_bringup.dir/startup_stm32g474xx.s.obj
                0x08000000                g_pfnVectors
                0x080001d8                        . = ALIGN (0x4)

.text           0x080001d8     0x3ad0
                0x080001d8                        . = ALIGN (0x4)
 *(.text)
 .text          0x080001d8       0x30 /Applications/ArmGNUToolchain/15.3.rel1/arm-none-eabi/bin/../lib/gcc/arm-none-eabi/15.3.1/thumb/v7e-m+fp/hard/libgcc.a(_aeabi_uldivmod.o)
                0x080001d8                __aeabi_uldivmod
 .text          0x08000208        0x4 /Applications/ArmGNUToolchain/15.3.rel1/arm-none-eabi/bin/../lib/gcc/arm-none-eabi/15.3.1/thumb/v7e-m+fp/hard/libgcc.a(_dvmd_tls.o)
                0x08000208                __aeabi_ldiv0
                0x08000208                __aeabi_idiv0
 *(.text*)
 .text.deregister_tm_clones
                0x0800020c       0x1c /Applications/ArmGNUToolchain/15.3.rel1/arm-none-eabi/bin/../lib/gcc/arm-none-eabi/15.3.1/thumb/v7e-m+fp/hard/crtbegin.o
 .text.register_tm_clones
                0x08000228       0x24 /Applications/ArmGNUToolchain/15.3.rel1/arm-none-eabi/bin/../lib/gcc/arm-none-eabi/15.3.1/thumb/v7e-m+fp/hard/crtbegin.o
 .text.__do_global_dtors_aux
                0x0800024c       0x28 /Applications/ArmGNUToolchain/15.3.rel1/arm-none-eabi/bin/../lib/gcc/arm-none-eabi/15.3.1/thumb/v7e-m+fp/hard/crtbegin.o
 .text.frame_dummy
                0x08000274       0x24 /Applications/ArmGNUToolchain/15.3.rel1/arm-none-eabi/bin/../lib/gcc/arm-none-eabi/15.3.1/thumb/v7e-m+fp/hard/crtbegin.o
 .text.SystemInit
                0x08000298       0x20 cmake/stm32cubemx/CMakeFiles/STM32_Drivers.dir/__/__/Core/Src/system_stm32g4xx.c.obj
                0x08000298                SystemInit
 .text.HAL_UART_Init
                0x080002b8       0xa0 cmake/stm32cubemx/CMakeFiles/STM32_Drivers.dir/__/__/Drivers/STM32G4xx_HAL_Driver/Src/stm32g4xx_hal_uart.c.obj
                0x080002b8                HAL_UART_Init
 .text.HAL_UART_Transmit
                0x08000358      0x132 cmake/stm32cubemx/CMakeFiles/STM32_Drivers.dir/__/__/Drivers/STM32G4xx_HAL_Driver/Src/stm32g4xx_hal_uart.c.obj
                0x08000358                HAL_UART_Transmit
 *fill*         0x0800048a        0x2 
 .text.UART_SetConfig
                0x0800048c      0x5a8 cmake/stm32cubemx/CMakeFiles/STM32_Drivers.dir/__/__/Drivers/STM32G4xx_HAL_Driver/Src/stm32g4xx_hal_uart.c.obj
                0x0800048c                UART_SetConfig
 .text.UART_AdvFeatureConfig
                0x08000a34      0x142 cmake/stm32cubemx/CMakeFiles/STM32_Drivers.dir/__/__/Drivers/STM32G4xx_HAL_Driver/Src/stm32g4xx_hal_uart.c.obj
                0x08000a34                UART_AdvFeatureConfig
 .text.UART_CheckIdleState
                0x08000b76      0x154 cmake/stm32cubemx/CMakeFiles/STM32_Drivers.dir/__/__/Drivers/STM32G4xx_HAL_Driver/Src/stm32g4xx_hal_uart.c.obj
                0x08000b76                UART_CheckIdleState
 .text.UART_WaitOnFlagUntilTimeout
                0x08000cca       0xda cmake/stm32cubemx/CMakeFiles/STM32_Drivers.dir/__/__/Drivers/STM32G4xx_HAL_Driver/Src/stm32g4xx_hal_uart.c.obj
                0x08000cca                UART_WaitOnFlagUntilTimeout
 .text.UART_EndRxTransfer
                0x08000da4       0xca cmake/stm32cubemx/CMakeFiles/STM32_Drivers.dir/__/__/Drivers/STM32G4xx_HAL_Driver/Src/stm32g4xx_hal_uart.c.obj
 .text.HAL_UARTEx_DisableFifoMode
                0x08000e6e       0x70 cmake/stm32cubemx/CMakeFiles/STM32_Drivers.dir/__/__/Drivers/STM32G4xx_HAL_Driver/Src/stm32g4xx_hal_uart_ex.c.obj
                0x08000e6e                HAL_UARTEx_DisableFifoMode
 .text.HAL_UARTEx_SetTxFifoThreshold
                0x08000ede       0x7c cmake/stm32cubemx/CMakeFiles/STM32_Drivers.dir/__/__/Drivers/STM32G4xx_HAL_Driver/Src/stm32g4xx_hal_uart_ex.c.obj
                0x08000ede                HAL_UARTEx_SetTxFifoThreshold
 .text.HAL_UARTEx_SetRxFifoThreshold
                0x08000f5a       0x7c cmake/stm32cubemx/CMakeFiles/STM32_Drivers.dir/__/__/Drivers/STM32G4xx_HAL_Driver/Src/stm32g4xx_hal_uart_ex.c.obj
                0x08000f5a                HAL_UARTEx_SetRxFifoThreshold
 *fill*         0x08000fd6        0x2 
 .text.UARTEx_SetNbDataToProcess
                0x08000fd8       0x98 cmake/stm32cubemx/CMakeFiles/STM32_Drivers.dir/__/__/Drivers/STM32G4xx_HAL_Driver/Src/stm32g4xx_hal_uart_ex.c.obj
 .text.HAL_Init
                0x08001070       0x30 cmake/stm32cubemx/CMakeFiles/STM32_Drivers.dir/__/__/Drivers/STM32G4xx_HAL_Driver/Src/stm32g4xx_hal.c.obj
                0x08001070                HAL_Init
 .text.HAL_InitTick
                0x080010a0       0x74 cmake/stm32cubemx/CMakeFiles/STM32_Drivers.dir/__/__/Drivers/STM32G4xx_HAL_Driver/Src/stm32g4xx_hal.c.obj
                0x080010a0                HAL_InitTick
 .text.HAL_IncTick
                0x08001114       0x24 cmake/stm32cubemx/CMakeFiles/STM32_Drivers.dir/__/__/Drivers/STM32G4xx_HAL_Driver/Src/stm32g4xx_hal.c.obj
                0x08001114                HAL_IncTick
 .text.HAL_GetTick
                0x08001138       0x14 cmake/stm32cubemx/CMakeFiles/STM32_Drivers.dir/__/__/Drivers/STM32G4xx_HAL_Driver/Src/stm32g4xx_hal.c.obj
                0x08001138                HAL_GetTick
 .text.HAL_Delay
                0x0800114c       0x44 cmake/stm32cubemx/CMakeFiles/STM32_Drivers.dir/__/__/Drivers/STM32G4xx_HAL_Driver/Src/stm32g4xx_hal.c.obj
                0x0800114c                HAL_Delay
 .text.HAL_RCC_OscConfig
                0x08001190      0x624 cmake/stm32cubemx/CMakeFiles/STM32_Drivers.dir/__/__/Drivers/STM32G4xx_HAL_Driver/Src/stm32g4xx_hal_rcc.c.obj
                0x08001190                HAL_RCC_OscConfig
 .text.HAL_RCC_ClockConfig
                0x080017b4      0x278 cmake/stm32cubemx/CMakeFiles/STM32_Drivers.dir/__/__/Drivers/STM32G4xx_HAL_Driver/Src/stm32g4xx_hal_rcc.c.obj
                0x080017b4                HAL_RCC_ClockConfig
 .text.HAL_RCC_GetSysClockFreq
                0x08001a2c       0xc0 cmake/stm32cubemx/CMakeFiles/STM32_Drivers.dir/__/__/Drivers/STM32G4xx_HAL_Driver/Src/stm32g4xx_hal_rcc.c.obj
                0x08001a2c                HAL_RCC_GetSysClockFreq
 .text.HAL_RCC_GetHCLKFreq
                0x08001aec       0x14 cmake/stm32cubemx/CMakeFiles/STM32_Drivers.dir/__/__/Drivers/STM32G4xx_HAL_Driver/Src/stm32g4xx_hal_rcc.c.obj
                0x08001aec                HAL_RCC_GetHCLKFreq
 .text.HAL_RCC_GetPCLK1Freq
                0x08001b00       0x2c cmake/stm32cubemx/CMakeFiles/STM32_Drivers.dir/__/__/Drivers/STM32G4xx_HAL_Driver/Src/stm32g4xx_hal_rcc.c.obj
                0x08001b00                HAL_RCC_GetPCLK1Freq
 .text.HAL_RCC_GetPCLK2Freq
                0x08001b2c       0x2c cmake/stm32cubemx/CMakeFiles/STM32_Drivers.dir/__/__/Drivers/STM32G4xx_HAL_Driver/Src/stm32g4xx_hal_rcc.c.obj
                0x08001b2c                HAL_RCC_GetPCLK2Freq
 .text.RCC_GetSysClockFreqFromPLLSource
                0x08001b58       0x8c cmake/stm32cubemx/CMakeFiles/STM32_Drivers.dir/__/__/Drivers/STM32G4xx_HAL_Driver/Src/stm32g4xx_hal_rcc.c.obj
 .text.HAL_RCCEx_PeriphCLKConfig
                0x08001be4      0x49c cmake/stm32cubemx/CMakeFiles/STM32_Drivers.dir/__/__/Drivers/STM32G4xx_HAL_Driver/Src/stm32g4xx_hal_rcc_ex.c.obj
                0x08001be4                HAL_RCCEx_PeriphCLKConfig
 .text.HAL_GPIO_Init
                0x08002080      0x318 cmake/stm32cubemx/CMakeFiles/STM32_Drivers.dir/__/__/Drivers/STM32G4xx_HAL_Driver/Src/stm32g4xx_hal_gpio.c.obj
                0x08002080                HAL_GPIO_Init
 .text.HAL_GPIO_WritePin
                0x08002398       0x2e cmake/stm32cubemx/CMakeFiles/STM32_Drivers.dir/__/__/Drivers/STM32G4xx_HAL_Driver/Src/stm32g4xx_hal_gpio.c.obj
                0x08002398                HAL_GPIO_WritePin
 .text.HAL_GPIO_TogglePin
                0x080023c6       0x32 cmake/stm32cubemx/CMakeFiles/STM32_Drivers.dir/__/__/Drivers/STM32G4xx_HAL_Driver/Src/stm32g4xx_hal_gpio.c.obj
                0x080023c6                HAL_GPIO_TogglePin
 .text.HAL_EXTI_RegisterCallback
                0x080023f8       0x38 cmake/stm32cubemx/CMakeFiles/STM32_Drivers.dir/__/__/Drivers/STM32G4xx_HAL_Driver/Src/stm32g4xx_hal_exti.c.obj
                0x080023f8                HAL_EXTI_RegisterCallback
 .text.HAL_EXTI_GetHandle
                0x08002430       0x26 cmake/stm32cubemx/CMakeFiles/STM32_Drivers.dir/__/__/Drivers/STM32G4xx_HAL_Driver/Src/stm32g4xx_hal_exti.c.obj
                0x08002430                HAL_EXTI_GetHandle
 *fill*         0x08002456        0x2 
 .text.HAL_EXTI_IRQHandler
                0x08002458       0x60 cmake/stm32cubemx/CMakeFiles/STM32_Drivers.dir/__/__/Drivers/STM32G4xx_HAL_Driver/Src/stm32g4xx_hal_exti.c.obj
                0x08002458                HAL_EXTI_IRQHandler
 .text.HAL_PWREx_ControlVoltageScaling
                0x080024b8      0x148 cmake/stm32cubemx/CMakeFiles/STM32_Drivers.dir/__/__/Drivers/STM32G4xx_HAL_Driver/Src/stm32g4xx_hal_pwr_ex.c.obj
                0x080024b8                HAL_PWREx_ControlVoltageScaling
 .text.HAL_PWREx_DisableUCPDDeadBattery
                0x08002600       0x1c cmake/stm32cubemx/CMakeFiles/STM32_Drivers.dir/__/__/Drivers/STM32G4xx_HAL_Driver/Src/stm32g4xx_hal_pwr_ex.c.obj
                0x08002600                HAL_PWREx_DisableUCPDDeadBattery
 .text.__NVIC_SetPriorityGrouping
                0x0800261c       0x48 cmake/stm32cubemx/CMakeFiles/STM32_Drivers.dir/__/__/Drivers/STM32G4xx_HAL_Driver/Src/stm32g4xx_hal_cortex.c.obj
 .text.__NVIC_GetPriorityGrouping
                0x08002664       0x1c cmake/stm32cubemx/CMakeFiles/STM32_Drivers.dir/__/__/Drivers/STM32G4xx_HAL_Driver/Src/stm32g4xx_hal_cortex.c.obj
 .text.__NVIC_EnableIRQ
                0x08002680       0x38 cmake/stm32cubemx/CMakeFiles/STM32_Drivers.dir/__/__/Drivers/STM32G4xx_HAL_Driver/Src/stm32g4xx_hal_cortex.c.obj
 .text.__NVIC_SetPriority
                0x080026b8       0x54 cmake/stm32cubemx/CMakeFiles/STM32_Drivers.dir/__/__/Drivers/STM32G4xx_HAL_Driver/Src/stm32g4xx_hal_cortex.c.obj
 .text.NVIC_EncodePriority
                0x0800270c       0x6e cmake/stm32cubemx/CMakeFiles/STM32_Drivers.dir/__/__/Drivers/STM32G4xx_HAL_Driver/Src/stm32g4xx_hal_cortex.c.obj
 *fill*         0x0800277a        0x2 
 .text.SysTick_Config
                0x0800277c       0x44 cmake/stm32cubemx/CMakeFiles/STM32_Drivers.dir/__/__/Drivers/STM32G4xx_HAL_Driver/Src/stm32g4xx_hal_cortex.c.obj
 .text.HAL_NVIC_SetPriorityGrouping
                0x080027c0       0x16 cmake/stm32cubemx/CMakeFiles/STM32_Drivers.dir/__/__/Drivers/STM32G4xx_HAL_Driver/Src/stm32g4xx_hal_cortex.c.obj
                0x080027c0                HAL_NVIC_SetPriorityGrouping
 .text.HAL_NVIC_SetPriority
                0x080027d6       0x34 cmake/stm32cubemx/CMakeFiles/STM32_Drivers.dir/__/__/Drivers/STM32G4xx_HAL_Driver/Src/stm32g4xx_hal_cortex.c.obj
                0x080027d6                HAL_NVIC_SetPriority
 .text.HAL_NVIC_EnableIRQ
                0x0800280a       0x1c cmake/stm32cubemx/CMakeFiles/STM32_Drivers.dir/__/__/Drivers/STM32G4xx_HAL_Driver/Src/stm32g4xx_hal_cortex.c.obj
                0x0800280a                HAL_NVIC_EnableIRQ
 .text.HAL_SYSTICK_Config
                0x08002826       0x18 cmake/stm32cubemx/CMakeFiles/STM32_Drivers.dir/__/__/Drivers/STM32G4xx_HAL_Driver/Src/stm32g4xx_hal_cortex.c.obj
                0x08002826                HAL_SYSTICK_Config
 *fill*         0x0800283e        0x2 
 .text.BSP_PB_Init
                0x08002840       0xdc cmake/stm32cubemx/CMakeFiles/STM32_Drivers.dir/__/__/Drivers/BSP/STM32G4xx_Nucleo/stm32g4xx_nucleo.c.obj
                0x08002840                BSP_PB_Init
 .text.BSP_PB_IRQHandler
                0x0800291c       0x24 cmake/stm32cubemx/CMakeFiles/STM32_Drivers.dir/__/__/Drivers/BSP/STM32G4xx_Nucleo/stm32g4xx_nucleo.c.obj
                0x0800291c                BSP_PB_IRQHandler
 .text.BSP_PB_Callback
                0x08002940       0x14 cmake/stm32cubemx/CMakeFiles/STM32_Drivers.dir/__/__/Drivers/BSP/STM32G4xx_Nucleo/stm32g4xx_nucleo.c.obj
                0x08002940                BSP_PB_Callback
 .text.BUTTON_USER_EXTI_Callback
                0x08002954        0xe cmake/stm32cubemx/CMakeFiles/STM32_Drivers.dir/__/__/Drivers/BSP/STM32G4xx_Nucleo/stm32g4xx_nucleo.c.obj
 *fill*         0x08002962        0x2 
 .text.main     0x08002964       0x50 CMakeFiles/hab_bringup.dir/Core/Src/main.c.obj
                0x08002964                main
 .text.SystemClock_Config
                0x080029b4       0x96 CMakeFiles/hab_bringup.dir/Core/Src/main.c.obj
                0x080029b4                SystemClock_Config
 *fill*         0x08002a4a        0x2 
 .text.MX_LPUART1_UART_Init
                0x08002a4c       0x94 CMakeFiles/hab_bringup.dir/Core/Src/main.c.obj
 .text.MX_GPIO_Init
                0x08002ae0       0xac CMakeFiles/hab_bringup.dir/Core/Src/main.c.obj
 .text.__io_putchar
                0x08002b8c       0x2c CMakeFiles/hab_bringup.dir/Core/Src/main.c.obj
                0x08002b8c                __io_putchar
 .text.Error_Handler
                0x08002bb8        0xc CMakeFiles/hab_bringup.dir/Core/Src/main.c.obj
                0x08002bb8                Error_Handler
 .text.NMI_Handler
                0x08002bc4        0x8 CMakeFiles/hab_bringup.dir/Core/Src/stm32g4xx_it.c.obj
                0x08002bc4                NMI_Handler
 .text.HardFault_Handler
                0x08002bcc        0x8 CMakeFiles/hab_bringup.dir/Core/Src/stm32g4xx_it.c.obj
                0x08002bcc                HardFault_Handler
 .text.MemManage_Handler
                0x08002bd4        0x8 CMakeFiles/hab_bringup.dir/Core/Src/stm32g4xx_it.c.obj
                0x08002bd4                MemManage_Handler
 .text.BusFault_Handler
                0x08002bdc        0x8 CMakeFiles/hab_bringup.dir/Core/Src/stm32g4xx_it.c.obj
                0x08002bdc                BusFault_Handler
 .text.UsageFault_Handler
                0x08002be4        0x8 CMakeFiles/hab_bringup.dir/Core/Src/stm32g4xx_it.c.obj
                0x08002be4                UsageFault_Handler
 .text.SVC_Handler
                0x08002bec        0xc CMakeFiles/hab_bringup.dir/Core/Src/stm32g4xx_it.c.obj
                0x08002bec                SVC_Handler
 .text.DebugMon_Handler
                0x08002bf8        0xc CMakeFiles/hab_bringup.dir/Core/Src/stm32g4xx_it.c.obj
                0x08002bf8                DebugMon_Handler
 .text.PendSV_Handler
                0x08002c04        0xc CMakeFiles/hab_bringup.dir/Core/Src/stm32g4xx_it.c.obj
                0x08002c04                PendSV_Handler
 .text.SysTick_Handler
                0x08002c10        0xc CMakeFiles/hab_bringup.dir/Core/Src/stm32g4xx_it.c.obj
                0x08002c10                SysTick_Handler
 .text.EXTI15_10_IRQHandler
                0x08002c1c        0xe CMakeFiles/hab_bringup.dir/Core/Src/stm32g4xx_it.c.obj
                0x08002c1c                EXTI15_10_IRQHandler
 *fill*         0x08002c2a        0x2 
 .text.HAL_MspInit
                0x08002c2c       0x48 CMakeFiles/hab_bringup.dir/Core/Src/stm32g4xx_hal_msp.c.obj
                0x08002c2c                HAL_MspInit
 .text.HAL_UART_MspInit
                0x08002c74       0xb0 CMakeFiles/hab_bringup.dir/Core/Src/stm32g4xx_hal_msp.c.obj
                0x08002c74                HAL_UART_MspInit
 .text._sbrk    0x08002d24       0x6c CMakeFiles/hab_bringup.dir/Core/Src/sysmem.c.obj
                0x08002d24                _sbrk
 .text._read    0x08002d90       0x3a CMakeFiles/hab_bringup.dir/Core/Src/syscalls.c.obj
                0x08002d90                _read
 .text._write   0x08002dca       0x38 CMakeFiles/hab_bringup.dir/Core/Src/syscalls.c.obj
                0x08002dca                _write
 .text._close   0x08002e02       0x16 CMakeFiles/hab_bringup.dir/Core/Src/syscalls.c.obj
                0x08002e02                _close
 .text._fstat   0x08002e18       0x1e CMakeFiles/hab_bringup.dir/Core/Src/syscalls.c.obj
                0x08002e18                _fstat
 .text._isatty  0x08002e36       0x14 CMakeFiles/hab_bringup.dir/Core/Src/syscalls.c.obj
                0x08002e36                _isatty
 .text._lseek   0x08002e4a       0x18 CMakeFiles/hab_bringup.dir/Core/Src/syscalls.c.obj
                0x08002e4a                _lseek
 *fill*         0x08002e62        0x2 
 .text.Reset_Handler
                0x08002e64       0x50 CMakeFiles/hab_bringup.dir/startup_stm32g474xx.s.obj
                0x08002e64                Reset_Handler
 .text.Default_Handler
                0x08002eb4        0x2 CMakeFiles/hab_bringup.dir/startup_stm32g474xx.s.obj
                0x08002eb4                TIM1_BRK_TIM15_IRQHandler
                0x08002eb4                EXTI2_IRQHandler
                0x08002eb4                TIM8_TRG_COM_IRQHandler
                0x08002eb4                TIM8_CC_IRQHandler
                0x08002eb4                HRTIM1_Master_IRQHandler
                0x08002eb4                SPI4_IRQHandler
                0x08002eb4                FDCAN3_IT0_IRQHandler
                0x08002eb4                TIM1_CC_IRQHandler
                0x08002eb4                HRTIM1_FLT_IRQHandler
                0x08002eb4                HRTIM1_TIMF_IRQHandler
                0x08002eb4                USB_HP_IRQHandler
                0x08002eb4                CORDIC_IRQHandler
                0x08002eb4                HRTIM1_TIMD_IRQHandler
                0x08002eb4                DMA2_Channel8_IRQHandler
                0x08002eb4                EXTI3_IRQHandler
                0x08002eb4                I2C3_ER_IRQHandler
                0x08002eb4                EXTI0_IRQHandler
                0x08002eb4                I2C2_EV_IRQHandler
                0x08002eb4                FPU_IRQHandler
                0x08002eb4                FDCAN1_IT1_IRQHandler
                0x08002eb4                TIM1_UP_TIM16_IRQHandler
                0x08002eb4                ADC1_2_IRQHandler
                0x08002eb4                HRTIM1_TIME_IRQHandler
                0x08002eb4                SPI1_IRQHandler
                0x08002eb4                TIM6_DAC_IRQHandler
                0x08002eb4                HRTIM1_TIMC_IRQHandler
                0x08002eb4                TIM8_UP_IRQHandler
                0x08002eb4                DMA2_Channel2_IRQHandler
                0x08002eb4                DMA1_Channel4_IRQHandler
                0x08002eb4                TIM20_TRG_COM_IRQHandler
                0x08002eb4                USART3_IRQHandler
                0x08002eb4                DMA1_Channel7_IRQHandler
                0x08002eb4                UART5_IRQHandler
                0x08002eb4                ADC3_IRQHandler
                0x08002eb4                TIM4_IRQHandler
                0x08002eb4                DMA2_Channel1_IRQHandler
                0x08002eb4                QUADSPI_IRQHandler
                0x08002eb4                I2C1_EV_IRQHandler
                0x08002eb4                DMA1_Channel6_IRQHandler
                0x08002eb4                UART4_IRQHandler
                0x08002eb4                DMA2_Channel4_IRQHandler
                0x08002eb4                TIM3_IRQHandler
                0x08002eb4                RCC_IRQHandler
                0x08002eb4                TIM20_UP_IRQHandler
                0x08002eb4                DMA1_Channel1_IRQHandler
                0x08002eb4                Default_Handler
                0x08002eb4                DMA2_Channel7_IRQHandler
                0x08002eb4                RTC_TAMP_LSECSS_IRQHandler
                0x08002eb4                FMAC_IRQHandler
                0x08002eb4                DMA1_Channel8_IRQHandler
                0x08002eb4                HRTIM1_TIMA_IRQHandler
                0x08002eb4                TIM7_DAC_IRQHandler
                0x08002eb4                FDCAN3_IT1_IRQHandler
                0x08002eb4                TIM5_IRQHandler
                0x08002eb4                UCPD1_IRQHandler
                0x08002eb4                I2C3_EV_IRQHandler
                0x08002eb4                EXTI9_5_IRQHandler
                0x08002eb4                RTC_WKUP_IRQHandler
                0x08002eb4                PVD_PVM_IRQHandler
                0x08002eb4                SPI2_IRQHandler
                0x08002eb4                ADC5_IRQHandler
                0x08002eb4                DMA2_Channel5_IRQHandler
                0x08002eb4                CRS_IRQHandler
                0x08002eb4                DMA1_Channel5_IRQHandler
                0x08002eb4                USB_LP_IRQHandler
                0x08002eb4                EXTI4_IRQHandler
                0x08002eb4                RNG_IRQHandler
                0x08002eb4                HRTIM1_TIMB_IRQHandler
                0x08002eb4                TIM1_TRG_COM_TIM17_IRQHandler
                0x08002eb4                FDCAN2_IT1_IRQHandler
                0x08002eb4                DMA1_Channel3_IRQHandler
                0x08002eb4                ADC4_IRQHandler
                0x08002eb4                WWDG_IRQHandler
                0x08002eb4                I2C4_EV_IRQHandler
                0x08002eb4                FDCAN2_IT0_IRQHandler
                0x08002eb4                LPUART1_IRQHandler
                0x08002eb4                DMA2_Channel6_IRQHandler
                0x08002eb4                FDCAN1_IT0_IRQHandler
                0x08002eb4                TIM2_IRQHandler
                0x08002eb4                COMP7_IRQHandler
                0x08002eb4                COMP1_2_3_IRQHandler
                0x08002eb4                EXTI1_IRQHandler
                0x08002eb4                USART2_IRQHandler
                0x08002eb4                COMP4_5_6_IRQHandler
                0x08002eb4                TIM20_BRK_IRQHandler
                0x08002eb4                I2C2_ER_IRQHandler
                0x08002eb4                DMA1_Channel2_IRQHandler
                0x08002eb4                TIM8_BRK_IRQHandler
                0x08002eb4                FLASH_IRQHandler
                0x08002eb4                TIM20_CC_IRQHandler
                0x08002eb4                USART1_IRQHandler
                0x08002eb4                SPI3_IRQHandler
                0x08002eb4                I2C1_ER_IRQHandler
                0x08002eb4                FMC_IRQHandler
                0x08002eb4                LPTIM1_IRQHandler
                0x08002eb4                DMAMUX_OVR_IRQHandler
                0x08002eb4                I2C4_ER_IRQHandler
                0x08002eb4                USBWakeUp_IRQHandler
                0x08002eb4                SAI1_IRQHandler
                0x08002eb4                DMA2_Channel3_IRQHandler
                0x08002eb4                RTC_Alarm_IRQHandler
 *fill*         0x08002eb6        0x2 
 .text.__udivmoddi4
                0x08002eb8      0x320 /Applications/ArmGNUToolchain/15.3.rel1/arm-none-eabi/bin/../lib/gcc/arm-none-eabi/15.3.1/thumb/v7e-m+fp/hard/libgcc.a(_udivmoddi4.o)
                0x08002eb8                __udivmoddi4
 .text.setvbuf  0x080031d8      0x168 /Applications/ArmGNUToolchain/15.3.rel1/arm-none-eabi/bin/../lib/gcc/arm-none-eabi/15.3.1/../../../../arm-none-eabi/lib/thumb/v7e-m+fp/hard/libg_nano.a(libc_a-setvbuf.o)
                0x080031d8                setvbuf
 .text.__sflush_r
                0x08003340      0x100 /Applications/ArmGNUToolchain/15.3.rel1/arm-none-eabi/bin/../lib/gcc/arm-none-eabi/15.3.1/../../../../arm-none-eabi/lib/thumb/v7e-m+fp/hard/libg_nano.a(libc_a-fflush.o)
                0x08003340                __sflush_r
 .text._fflush_r
                0x08003440       0x50 /Applications/ArmGNUToolchain/15.3.rel1/arm-none-eabi/bin/../lib/gcc/arm-none-eabi/15.3.1/../../../../arm-none-eabi/lib/thumb/v7e-m+fp/hard/libg_nano.a(libc_a-fflush.o)
                0x08003440                _fflush_r
 .text.std      0x08003490       0x6c /Applications/ArmGNUToolchain/15.3.rel1/arm-none-eabi/bin/../lib/gcc/arm-none-eabi/15.3.1/../../../../arm-none-eabi/lib/thumb/v7e-m+fp/hard/libg_nano.a(libc_a-findfp.o)
 .text.stdio_exit_handler
                0x080034fc       0x18 /Applications/ArmGNUToolchain/15.3.rel1/arm-none-eabi/bin/../lib/gcc/arm-none-eabi/15.3.1/../../../../arm-none-eabi/lib/thumb/v7e-m+fp/hard/libg_nano.a(libc_a-findfp.o)
 .text.cleanup_stdio
                0x08003514       0x40 /Applications/ArmGNUToolchain/15.3.rel1/arm-none-eabi/bin/../lib/gcc/arm-none-eabi/15.3.1/../../../../arm-none-eabi/lib/thumb/v7e-m+fp/hard/libg_nano.a(libc_a-findfp.o)
 .text.global_stdio_init.part.0
                0x08003554       0x40 /Applications/ArmGNUToolchain/15.3.rel1/arm-none-eabi/bin/../lib/gcc/arm-none-eabi/15.3.1/../../../../arm-none-eabi/lib/thumb/v7e-m+fp/hard/libg_nano.a(libc_a-findfp.o)
 .text.__sfp_lock_acquire
                0x08003594        0xc /Applications/ArmGNUToolchain/15.3.rel1/arm-none-eabi/bin/../lib/gcc/arm-none-eabi/15.3.1/../../../../arm-none-eabi/lib/thumb/v7e-m+fp/hard/libg_nano.a(libc_a-findfp.o)
                0x08003594                __sfp_lock_acquire
 .text.__sfp_lock_release
                0x080035a0        0xc /Applications/ArmGNUToolchain/15.3.rel1/arm-none-eabi/bin/../lib/gcc/arm-none-eabi/15.3.1/../../../../arm-none-eabi/lib/thumb/v7e-m+fp/hard/libg_nano.a(libc_a-findfp.o)
                0x080035a0                __sfp_lock_release
 .text.__sinit  0x080035ac       0x30 /Applications/ArmGNUToolchain/15.3.rel1/arm-none-eabi/bin/../lib/gcc/arm-none-eabi/15.3.1/../../../../arm-none-eabi/lib/thumb/v7e-m+fp/hard/libg_nano.a(libc_a-findfp.o)
                0x080035ac                __sinit
 .text._fwalk_sglue
                0x080035dc       0x3a /Applications/ArmGNUToolchain/15.3.rel1/arm-none-eabi/bin/../lib/gcc/arm-none-eabi/15.3.1/../../../../arm-none-eabi/lib/thumb/v7e-m+fp/hard/libg_nano.a(libc_a-fwalk.o)
                0x080035dc                _fwalk_sglue
 .text.__swhatbuf_r
                0x08003616       0x48 /Applications/ArmGNUToolchain/15.3.rel1/arm-none-eabi/bin/../lib/gcc/arm-none-eabi/15.3.1/../../../../arm-none-eabi/lib/thumb/v7e-m+fp/hard/libg_nano.a(libc_a-makebuf.o)
                0x08003616                __swhatbuf_r
 .text.__smakebuf_r
                0x0800365e       0x72 /Applications/ArmGNUToolchain/15.3.rel1/arm-none-eabi/bin/../lib/gcc/arm-none-eabi/15.3.1/../../../../arm-none-eabi/lib/thumb/v7e-m+fp/hard/libg_nano.a(libc_a-makebuf.o)
                0x0800365e                __smakebuf_r
 .text._puts_r  0x080036d0       0xaa /Applications/ArmGNUToolchain/15.3.rel1/arm-none-eabi/bin/../lib/gcc/arm-none-eabi/15.3.1/../../../../arm-none-eabi/lib/thumb/v7e-m+fp/hard/libg_nano.a(libc_a-puts.o)
                0x080036d0                _puts_r
 *fill*         0x0800377a        0x2 
 .text.puts     0x0800377c       0x10 /Applications/ArmGNUToolchain/15.3.rel1/arm-none-eabi/bin/../lib/gcc/arm-none-eabi/15.3.1/../../../../arm-none-eabi/lib/thumb/v7e-m+fp/hard/libg_nano.a(libc_a-puts.o)
                0x0800377c                puts
 .text.memset   0x0800378c       0x10 /Applications/ArmGNUToolchain/15.3.rel1/arm-none-eabi/bin/../lib/gcc/arm-none-eabi/15.3.1/../../../../arm-none-eabi/lib/thumb/v7e-m+fp/hard/libg_nano.a(libc_a-memset.o)
                0x0800378c                memset
 .text._isatty_r
                0x0800379c       0x20 /Applications/ArmGNUToolchain/15.3.rel1/arm-none-eabi/bin/../lib/gcc/arm-none-eabi/15.3.1/../../../../arm-none-eabi/lib/thumb/v7e-m+fp/hard/libg_nano.a(libc_a-isattyr.o)
                0x0800379c                _isatty_r
 .text.__errno  0x080037bc        0xc /Applications/ArmGNUToolchain/15.3.rel1/arm-none-eabi/bin/../lib/gcc/arm-none-eabi/15.3.1/../../../../arm-none-eabi/lib/thumb/v7e-m+fp/hard/libg_nano.a(libc_a-errno.o)
                0x080037bc                __errno
 .text.__libc_init_array
                0x080037c8       0x48 /Applications/ArmGNUToolchain/15.3.rel1/arm-none-eabi/bin/../lib/gcc/arm-none-eabi/15.3.1/../../../../arm-none-eabi/lib/thumb/v7e-m+fp/hard/libg_nano.a(libc_a-init.o)
                0x080037c8                __libc_init_array
 .text.__retarget_lock_init_recursive
                0x08003810        0x2 /Applications/ArmGNUToolchain/15.3.rel1/arm-none-eabi/bin/../lib/gcc/arm-none-eabi/15.3.1/../../../../arm-none-eabi/lib/thumb/v7e-m+fp/hard/libg_nano.a(libc_a-lock.o)
                0x08003810                __retarget_lock_init_recursive
 .text.__retarget_lock_acquire_recursive
                0x08003812        0x2 /Applications/ArmGNUToolchain/15.3.rel1/arm-none-eabi/bin/../lib/gcc/arm-none-eabi/15.3.1/../../../../arm-none-eabi/lib/thumb/v7e-m+fp/hard/libg_nano.a(libc_a-lock.o)
                0x08003812                __retarget_lock_acquire_recursive
 .text.__retarget_lock_release_recursive
                0x08003814        0x2 /Applications/ArmGNUToolchain/15.3.rel1/arm-none-eabi/bin/../lib/gcc/arm-none-eabi/15.3.1/../../../../arm-none-eabi/lib/thumb/v7e-m+fp/hard/libg_nano.a(libc_a-lock.o)
                0x08003814                __retarget_lock_release_recursive
 *fill*         0x08003816        0x2 
 .text._fstat_r
                0x08003818       0x24 /Applications/ArmGNUToolchain/15.3.rel1/arm-none-eabi/bin/../lib/gcc/arm-none-eabi/15.3.1/../../../../arm-none-eabi/lib/thumb/v7e-m+fp/hard/libg_nano.a(libc_a-fstatr.o)
                0x08003818                _fstat_r
 .text._free_r  0x0800383c       0x98 /Applications/ArmGNUToolchain/15.3.rel1/arm-none-eabi/bin/../lib/gcc/arm-none-eabi/15.3.1/../../../../arm-none-eabi/lib/thumb/v7e-m+fp/hard/libg_nano.a(libc_a-freer.o)
                0x0800383c                _free_r
 .text.malloc   0x080038d4       0x10 /Applications/ArmGNUToolchain/15.3.rel1/arm-none-eabi/bin/../lib/gcc/arm-none-eabi/15.3.1/../../../../arm-none-eabi/lib/thumb/v7e-m+fp/hard/libg_nano.a(libc_a-malloc.o)
                0x080038d4                malloc
 .text.sbrk_aligned
                0x080038e4       0x44 /Applications/ArmGNUToolchain/15.3.rel1/arm-none-eabi/bin/../lib/gcc/arm-none-eabi/15.3.1/../../../../arm-none-eabi/lib/thumb/v7e-m+fp/hard/libg_nano.a(libc_a-mallocr.o)
 .text._malloc_r
                0x08003928       0xf8 /Applications/ArmGNUToolchain/15.3.rel1/arm-none-eabi/bin/../lib/gcc/arm-none-eabi/15.3.1/../../../../arm-none-eabi/lib/thumb/v7e-m+fp/hard/libg_nano.a(libc_a-mallocr.o)
                0x08003928                _malloc_r
 .text.__malloc_lock
                0x08003a20        0xc /Applications/ArmGNUToolchain/15.3.rel1/arm-none-eabi/bin/../lib/gcc/arm-none-eabi/15.3.1/../../../../arm-none-eabi/lib/thumb/v7e-m+fp/hard/libg_nano.a(libc_a-mlock.o)
                0x08003a20                __malloc_lock
 .text.__malloc_unlock
                0x08003a2c        0xc /Applications/ArmGNUToolchain/15.3.rel1/arm-none-eabi/bin/../lib/gcc/arm-none-eabi/15.3.1/../../../../arm-none-eabi/lib/thumb/v7e-m+fp/hard/libg_nano.a(libc_a-mlock.o)
                0x08003a2c                __malloc_unlock
 .text.__sread  0x08003a38       0x22 /Applications/ArmGNUToolchain/15.3.rel1/arm-none-eabi/bin/../lib/gcc/arm-none-eabi/15.3.1/../../../../arm-none-eabi/lib/thumb/v7e-m+fp/hard/libg_nano.a(libc_a-stdio.o)
                0x08003a38                __sread
 .text.__swrite
                0x08003a5a       0x38 /Applications/ArmGNUToolchain/15.3.rel1/arm-none-eabi/bin/../lib/gcc/arm-none-eabi/15.3.1/../../../../arm-none-eabi/lib/thumb/v7e-m+fp/hard/libg_nano.a(libc_a-stdio.o)
                0x08003a5a                __swrite
 .text.__sseek  0x08003a92       0x26 /Applications/ArmGNUToolchain/15.3.rel1/arm-none-eabi/bin/../lib/gcc/arm-none-eabi/15.3.1/../../../../arm-none-eabi/lib/thumb/v7e-m+fp/hard/libg_nano.a(libc_a-stdio.o)
                0x08003a92                __sseek
 .text.__sclose
                0x08003ab8        0x8 /Applications/ArmGNUToolchain/15.3.rel1/arm-none-eabi/bin/../lib/gcc/arm-none-eabi/15.3.1/../../../../arm-none-eabi/lib/thumb/v7e-m+fp/hard/libg_nano.a(libc_a-stdio.o)
                0x08003ab8                __sclose
 .text.__swbuf_r
                0x08003ac0       0x7a /Applications/ArmGNUToolchain/15.3.rel1/arm-none-eabi/bin/../lib/gcc/arm-none-eabi/15.3.1/../../../../arm-none-eabi/lib/thumb/v7e-m+fp/hard/libg_nano.a(libc_a-wbuf.o)
                0x08003ac0                __swbuf_r
 *fill*         0x08003b3a        0x2 
 .text.__swsetup_r
                0x08003b3c       0xa8 /Applications/ArmGNUToolchain/15.3.rel1/arm-none-eabi/bin/../lib/gcc/arm-none-eabi/15.3.1/../../../../arm-none-eabi/lib/thumb/v7e-m+fp/hard/libg_nano.a(libc_a-wsetup.o)
                0x08003b3c                __swsetup_r
 .text._lseek_r
                0x08003be4       0x24 /Applications/ArmGNUToolchain/15.3.rel1/arm-none-eabi/bin/../lib/gcc/arm-none-eabi/15.3.1/../../../../arm-none-eabi/lib/thumb/v7e-m+fp/hard/libg_nano.a(libc_a-lseekr.o)
                0x08003be4                _lseek_r
 .text._read_r  0x08003c08       0x24 /Applications/ArmGNUToolchain/15.3.rel1/arm-none-eabi/bin/../lib/gcc/arm-none-eabi/15.3.1/../../../../arm-none-eabi/lib/thumb/v7e-m+fp/hard/libg_nano.a(libc_a-readr.o)
                0x08003c08                _read_r
 .text._sbrk_r  0x08003c2c       0x20 /Applications/ArmGNUToolchain/15.3.rel1/arm-none-eabi/bin/../lib/gcc/arm-none-eabi/15.3.1/../../../../arm-none-eabi/lib/thumb/v7e-m+fp/hard/libg_nano.a(libc_a-sbrkr.o)
                0x08003c2c                _sbrk_r
 .text._write_r
                0x08003c4c       0x24 /Applications/ArmGNUToolchain/15.3.rel1/arm-none-eabi/bin/../lib/gcc/arm-none-eabi/15.3.1/../../../../arm-none-eabi/lib/thumb/v7e-m+fp/hard/libg_nano.a(libc_a-writer.o)
                0x08003c4c                _write_r
 .text._close_r
                0x08003c70       0x20 /Applications/ArmGNUToolchain/15.3.rel1/arm-none-eabi/bin/../lib/gcc/arm-none-eabi/15.3.1/../../../../arm-none-eabi/lib/thumb/v7e-m+fp/hard/libg_nano.a(libc_a-closer.o)
                0x08003c70                _close_r
 *(.glue_7)
 .glue_7        0x08003c90        0x0 linker stubs
 *(.glue_7t)
 .glue_7t       0x08003c90        0x0 linker stubs
 *(.eh_frame)
 .eh_frame      0x08003c90        0x0 /Applications/ArmGNUToolchain/15.3.rel1/arm-none-eabi/bin/../lib/gcc/arm-none-eabi/15.3.1/thumb/v7e-m+fp/hard/crtbegin.o
 *(.init)
 .init          0x08003c90        0x4 /Applications/ArmGNUToolchain/15.3.rel1/arm-none-eabi/bin/../lib/gcc/arm-none-eabi/15.3.1/thumb/v7e-m+fp/hard/crti.o
                0x08003c90                _init
 .init          0x08003c94        0x8 /Applications/ArmGNUToolchain/15.3.rel1/arm-none-eabi/bin/../lib/gcc/arm-none-eabi/15.3.1/thumb/v7e-m+fp/hard/crtn.o
 *(.fini)
 .fini          0x08003c9c        0x4 /Applications/ArmGNUToolchain/15.3.rel1/arm-none-eabi/bin/../lib/gcc/arm-none-eabi/15.3.1/thumb/v7e-m+fp/hard/crti.o
                0x08003c9c                _fini
 .fini          0x08003ca0        0x8 /Applications/ArmGNUToolchain/15.3.rel1/arm-none-eabi/bin/../lib/gcc/arm-none-eabi/15.3.1/thumb/v7e-m+fp/hard/crtn.o
                0x08003ca8                        . = ALIGN (0x4)
                0x08003ca8                        _etext = .

.vfp11_veneer   0x08003ca8        0x0
 .vfp11_veneer  0x08003ca8        0x0 linker stubs

.v4_bx          0x08003ca8        0x0
 .v4_bx         0x08003ca8        0x0 linker stubs

.iplt           0x08003ca8        0x0
 .iplt          0x08003ca8        0x0 /Applications/ArmGNUToolchain/15.3.rel1/arm-none-eabi/bin/../lib/gcc/arm-none-eabi/15.3.1/thumb/v7e-m+fp/hard/crtbegin.o

.rodata         0x08003ca8       0x4c
                0x08003ca8                        . = ALIGN (0x4)
 *(.rodata)
 .rodata        0x08003ca8        0x7 CMakeFiles/hab_bringup.dir/Core/Src/main.c.obj
 *(.rodata*)
 *fill*         0x08003caf        0x1 
 .rodata.AHBPrescTable
                0x08003cb0       0x10 cmake/stm32cubemx/CMakeFiles/STM32_Drivers.dir/__/__/Core/Src/system_stm32g4xx.c.obj
                0x08003cb0                AHBPrescTable
 .rodata.APBPrescTable
                0x08003cc0        0x8 cmake/stm32cubemx/CMakeFiles/STM32_Drivers.dir/__/__/Core/Src/system_stm32g4xx.c.obj
                0x08003cc0                APBPrescTable
 .rodata.UARTPrescTable
                0x08003cc8       0x18 cmake/stm32cubemx/CMakeFiles/STM32_Drivers.dir/__/__/Drivers/STM32G4xx_HAL_Driver/Src/stm32g4xx_hal_uart.c.obj
                0x08003cc8                UARTPrescTable
 .rodata.numerator.1
                0x08003ce0        0x8 cmake/stm32cubemx/CMakeFiles/STM32_Drivers.dir/__/__/Drivers/STM32G4xx_HAL_Driver/Src/stm32g4xx_hal_uart_ex.c.obj
 .rodata.denominator.0
                0x08003ce8        0x8 cmake/stm32cubemx/CMakeFiles/STM32_Drivers.dir/__/__/Drivers/STM32G4xx_HAL_Driver/Src/stm32g4xx_hal_uart_ex.c.obj
 .rodata.BUTTON_EXTI_LINE.2
                0x08003cf0        0x4 cmake/stm32cubemx/CMakeFiles/STM32_Drivers.dir/__/__/Drivers/BSP/STM32G4xx_Nucleo/stm32g4xx_nucleo.c.obj
                0x08003cf4                        . = ALIGN (0x4)

.ARM.extab      0x08003cf4        0x0
                0x08003cf4                        . = ALIGN (0x4)
 *(.ARM.extab* .gnu.linkonce.armextab.*)
                0x08003cf4                        . = ALIGN (0x4)

.ARM            0x08003cf4        0x8
                0x08003cf4                        . = ALIGN (0x4)
                0x08003cf4                        __exidx_start = .
 *(.ARM.exidx*)
 .ARM.exidx.text.__udivmoddi4
                0x08003cf4        0x8 /Applications/ArmGNUToolchain/15.3.rel1/arm-none-eabi/bin/../lib/gcc/arm-none-eabi/15.3.1/thumb/v7e-m+fp/hard/libgcc.a(_udivmoddi4.o)
                0x08003cfc                        __exidx_end = .
                0x08003cfc                        . = ALIGN (0x4)

.preinit_array  0x08003cfc        0x0
                0x08003cfc                        . = ALIGN (0x4)
                0x08003cfc                        PROVIDE (__preinit_array_start = .)
 *(.preinit_array*)
                0x08003cfc                        PROVIDE (__preinit_array_end = .)
                0x08003cfc                        . = ALIGN (0x4)

.init_array     0x08003cfc        0x4
                0x08003cfc                        . = ALIGN (0x4)
                0x08003cfc                        PROVIDE (__init_array_start = .)
 *(SORT_BY_NAME(.init_array.*))
 *(.init_array*)
 .init_array    0x08003cfc        0x4 /Applications/ArmGNUToolchain/15.3.rel1/arm-none-eabi/bin/../lib/gcc/arm-none-eabi/15.3.1/thumb/v7e-m+fp/hard/crtbegin.o
                0x08003d00                        PROVIDE (__init_array_end = .)
                0x08003d00                        . = ALIGN (0x4)

.fini_array     0x08003d00        0x4
                0x08003d00                        . = ALIGN (0x4)
                [!provide]                        PROVIDE (__fini_array_start = .)
 *(SORT_BY_NAME(.fini_array.*))
 *(.fini_array*)
 .fini_array    0x08003d00        0x4 /Applications/ArmGNUToolchain/15.3.rel1/arm-none-eabi/bin/../lib/gcc/arm-none-eabi/15.3.1/thumb/v7e-m+fp/hard/crtbegin.o
                [!provide]                        PROVIDE (__fini_array_end = .)
                0x08003d04                        . = ALIGN (0x4)
                0x08003d04                        _sidata = LOADADDR (.data)

.rel.dyn        0x08003d04        0x0
 .rel.iplt      0x08003d04        0x0 /Applications/ArmGNUToolchain/15.3.rel1/arm-none-eabi/bin/../lib/gcc/arm-none-eabi/15.3.1/thumb/v7e-m+fp/hard/crtbegin.o

.data           0x20000000       0x74 load address 0x08003d04
                0x20000000                        . = ALIGN (0x4)
                0x20000000                        _sdata = .
 *(.data)
 *(.data*)
 .data.SystemCoreClock
                0x20000000        0x4 cmake/stm32cubemx/CMakeFiles/STM32_Drivers.dir/__/__/Core/Src/system_stm32g4xx.c.obj
                0x20000000                SystemCoreClock
 .data.uwTickPrio
                0x20000004        0x4 cmake/stm32cubemx/CMakeFiles/STM32_Drivers.dir/__/__/Drivers/STM32G4xx_HAL_Driver/Src/stm32g4xx_hal.c.obj
                0x20000004                uwTickPrio
 .data.uwTickFreq
                0x20000008        0x4 cmake/stm32cubemx/CMakeFiles/STM32_Drivers.dir/__/__/Drivers/STM32G4xx_HAL_Driver/Src/stm32g4xx_hal.c.obj
                0x20000008                uwTickFreq
 .data.BUTTON_PORT
                0x2000000c        0x4 cmake/stm32cubemx/CMakeFiles/STM32_Drivers.dir/__/__/Drivers/BSP/STM32G4xx_Nucleo/stm32g4xx_nucleo.c.obj
 .data.ButtonCallback.1
                0x20000010        0x4 cmake/stm32cubemx/CMakeFiles/STM32_Drivers.dir/__/__/Drivers/BSP/STM32G4xx_Nucleo/stm32g4xx_nucleo.c.obj
 .data.BSP_BUTTON_PRIO.0
                0x20000014        0x4 cmake/stm32cubemx/CMakeFiles/STM32_Drivers.dir/__/__/Drivers/BSP/STM32G4xx_Nucleo/stm32g4xx_nucleo.c.obj
 .data.__sglue  0x20000018        0xc /Applications/ArmGNUToolchain/15.3.rel1/arm-none-eabi/bin/../lib/gcc/arm-none-eabi/15.3.1/../../../../arm-none-eabi/lib/thumb/v7e-m+fp/hard/libg_nano.a(libc_a-findfp.o)
                0x20000018                __sglue
 .data._impure_ptr
                0x20000024        0x4 /Applications/ArmGNUToolchain/15.3.rel1/arm-none-eabi/bin/../lib/gcc/arm-none-eabi/15.3.1/../../../../arm-none-eabi/lib/thumb/v7e-m+fp/hard/libg_nano.a(libc_a-impure.o)
                0x20000024                _impure_ptr
 .data._impure_data
                0x20000028       0x4c /Applications/ArmGNUToolchain/15.3.rel1/arm-none-eabi/bin/../lib/gcc/arm-none-eabi/15.3.1/../../../../arm-none-eabi/lib/thumb/v7e-m+fp/hard/libg_nano.a(libc_a-impure.o)
                0x20000028                _impure_data
 *(.RamFunc)
 *(.RamFunc*)
                0x20000074                        . = ALIGN (0x4)

.tm_clone_table
                0x20000074        0x0 load address 0x08003d78
 .tm_clone_table
                0x20000074        0x0 /Applications/ArmGNUToolchain/15.3.rel1/arm-none-eabi/bin/../lib/gcc/arm-none-eabi/15.3.1/thumb/v7e-m+fp/hard/crtbegin.o
 .tm_clone_table
                0x20000074        0x0 /Applications/ArmGNUToolchain/15.3.rel1/arm-none-eabi/bin/../lib/gcc/arm-none-eabi/15.3.1/thumb/v7e-m+fp/hard/crtend.o

.igot.plt       0x20000074        0x0 load address 0x08003d78
 .igot.plt      0x20000074        0x0 /Applications/ArmGNUToolchain/15.3.rel1/arm-none-eabi/bin/../lib/gcc/arm-none-eabi/15.3.1/thumb/v7e-m+fp/hard/crtbegin.o

.tdata          0x20000074        0x0 load address 0x08003d78
 *(.tdata .tdata.* .gnu.linkonce.td.*)
                0x20000074                        . = ALIGN (0x4)
                0x20000074                        _edata = .
                [!provide]                        PROVIDE (__data_end = .)
                [!provide]                        PROVIDE (__tdata_end = .)
                [!provide]                        PROVIDE (__tdata_start = ADDR (.tdata))
                [!provide]                        PROVIDE (__tdata_size = (__tdata_end - __tdata_start))
                [!provide]                        PROVIDE (__data_start = ADDR (.data))
                [!provide]                        PROVIDE (__data_size = (__data_end - __data_start))
                [!provide]                        PROVIDE (__tdata_source = LOADADDR (.tdata))
                [!provide]                        PROVIDE (__tdata_source_end = (LOADADDR (.tdata) + SIZEOF (.tdata)))
                [!provide]                        PROVIDE (__tdata_source_size = (__tdata_source_end - __tdata_source))
                [!provide]                        PROVIDE (__data_source = LOADADDR (.data))
                [!provide]                        PROVIDE (__data_source_end = __tdata_source_end)
                [!provide]                        PROVIDE (__data_source_size = (__data_source_end - __data_source))

.tbss           0x20000074        0x0 load address 0x08003d78
                0x20000074                        _sbss = .
                0x20000074                        __bss_start__ = _sbss
 *(.tbss .tbss.*)
                0x20000074                        . = ALIGN (0x4)
                [!provide]                        PROVIDE (__tbss_end = .)
                [!provide]                        PROVIDE (__tbss_start = ADDR (.tbss))
                [!provide]                        PROVIDE (__tbss_size = (__tbss_end - __tbss_start))
                [!provide]                        PROVIDE (__tbss_offset = (ADDR (.tbss) - ADDR (.tdata)))
                [!provide]                        PROVIDE (__tls_base = __tdata_start)
                [!provide]                        PROVIDE (__tls_end = __tbss_end)
                [!provide]                        PROVIDE (__tls_size = (__tls_end - __tls_base))
                [!provide]                        PROVIDE (__tls_align = MAX (ALIGNOF (.tdata), ALIGNOF (.tbss)))
                [!provide]                        PROVIDE (__tls_size_align = (((__tls_size + __tls_align) - 0x1) & ~ ((__tls_align - 0x1))))
                [!provide]                        PROVIDE (__arm32_tls_tcb_offset = MAX (0x8, __tls_align))
                [!provide]                        PROVIDE (__arm64_tls_tcb_offset = MAX (0x10, __tls_align))

.bss            0x20000074      0x20c load address 0x08003d78
 *(.bss)
 *(.bss*)
 .bss.completed.1
                0x20000074        0x1 /Applications/ArmGNUToolchain/15.3.rel1/arm-none-eabi/bin/../lib/gcc/arm-none-eabi/15.3.1/thumb/v7e-m+fp/hard/crtbegin.o
 *fill*         0x20000075        0x3 
 .bss.object.0  0x20000078       0x18 /Applications/ArmGNUToolchain/15.3.rel1/arm-none-eabi/bin/../lib/gcc/arm-none-eabi/15.3.1/thumb/v7e-m+fp/hard/crtbegin.o
 .bss.uwTick    0x20000090        0x4 cmake/stm32cubemx/CMakeFiles/STM32_Drivers.dir/__/__/Drivers/STM32G4xx_HAL_Driver/Src/stm32g4xx_hal.c.obj
                0x20000090                uwTick
 .bss.hpb_exti  0x20000094        0x8 cmake/stm32cubemx/CMakeFiles/STM32_Drivers.dir/__/__/Drivers/BSP/STM32G4xx_Nucleo/stm32g4xx_nucleo.c.obj
                0x20000094                hpb_exti
 .bss.hlpuart1  0x2000009c       0x94 CMakeFiles/hab_bringup.dir/Core/Src/main.c.obj
                0x2000009c                hlpuart1
 .bss.__sbrk_heap_end
                0x20000130        0x4 CMakeFiles/hab_bringup.dir/Core/Src/sysmem.c.obj
 .bss.__sf      0x20000134      0x138 /Applications/ArmGNUToolchain/15.3.rel1/arm-none-eabi/bin/../lib/gcc/arm-none-eabi/15.3.1/../../../../arm-none-eabi/lib/thumb/v7e-m+fp/hard/libg_nano.a(libc_a-findfp.o)
                0x20000134                __sf
 .bss.__stdio_exit_handler
                0x2000026c        0x4 /Applications/ArmGNUToolchain/15.3.rel1/arm-none-eabi/bin/../lib/gcc/arm-none-eabi/15.3.1/../../../../arm-none-eabi/lib/thumb/v7e-m+fp/hard/libg_nano.a(libc_a-findfp.o)
                0x2000026c                __stdio_exit_handler
 .bss.__lock___malloc_recursive_mutex
                0x20000270        0x1 /Applications/ArmGNUToolchain/15.3.rel1/arm-none-eabi/bin/../lib/gcc/arm-none-eabi/15.3.1/../../../../arm-none-eabi/lib/thumb/v7e-m+fp/hard/libg_nano.a(libc_a-lock.o)
                0x20000270                __lock___malloc_recursive_mutex
 .bss.__lock___sfp_recursive_mutex
                0x20000271        0x1 /Applications/ArmGNUToolchain/15.3.rel1/arm-none-eabi/bin/../lib/gcc/arm-none-eabi/15.3.1/../../../../arm-none-eabi/lib/thumb/v7e-m+fp/hard/libg_nano.a(libc_a-lock.o)
                0x20000271                __lock___sfp_recursive_mutex
 *fill*         0x20000272        0x2 
 .bss.errno     0x20000274        0x4 /Applications/ArmGNUToolchain/15.3.rel1/arm-none-eabi/bin/../lib/gcc/arm-none-eabi/15.3.1/../../../../arm-none-eabi/lib/thumb/v7e-m+fp/hard/libg_nano.a(libc_a-reent.o)
                0x20000274                errno
 .bss.__malloc_sbrk_start
                0x20000278        0x4 /Applications/ArmGNUToolchain/15.3.rel1/arm-none-eabi/bin/../lib/gcc/arm-none-eabi/15.3.1/../../../../arm-none-eabi/lib/thumb/v7e-m+fp/hard/libg_nano.a(libc_a-mallocr.o)
                0x20000278                __malloc_sbrk_start
 .bss.__malloc_free_list
                0x2000027c        0x4 /Applications/ArmGNUToolchain/15.3.rel1/arm-none-eabi/bin/../lib/gcc/arm-none-eabi/15.3.1/../../../../arm-none-eabi/lib/thumb/v7e-m+fp/hard/libg_nano.a(libc_a-mallocr.o)
                0x2000027c                __malloc_free_list
 *(COMMON)
                0x20000280                        . = ALIGN (0x4)
                0x20000280                        _ebss = .
                0x20000280                        __bss_end__ = _ebss
                [!provide]                        PROVIDE (__bss_end = .)
                [!provide]                        PROVIDE (__non_tls_bss_start = ADDR (.bss))
                [!provide]                        PROVIDE (__bss_start = __tbss_start)
                [!provide]                        PROVIDE (__bss_size = (__bss_end - __bss_start))

._user_heap_stack
                0x20000280      0x600 load address 0x08003d78
                0x20000280                        . = ALIGN (0x8)
                [!provide]                        PROVIDE (end = .)
                0x20000280                        PROVIDE (_end = .)
                0x20000480                        . = (. + _Min_Heap_Size)
 *fill*         0x20000280      0x200 
                0x20000880                        . = (. + _Min_Stack_Size)
 *fill*         0x20000480      0x400 
                0x20000880                        . = ALIGN (0x8)

/DISCARD/
 libc.a:*(*)
 libm.a:*(*)
 libgcc.a:*(*)
OUTPUT(hab_bringup.elf elf32-littlearm)
LOAD linker stubs

.ARM.attributes
                0x00000000       0x30
 .ARM.attributes
                0x00000000       0x22 /Applications/ArmGNUToolchain/15.3.rel1/arm-none-eabi/bin/../lib/gcc/arm-none-eabi/15.3.1/thumb/v7e-m+fp/hard/crti.o
 .ARM.attributes
                0x00000022       0x34 /Applications/ArmGNUToolchain/15.3.rel1/arm-none-eabi/bin/../lib/gcc/arm-none-eabi/15.3.1/thumb/v7e-m+fp/hard/crtbegin.o
 .ARM.attributes
                0x00000056       0x34 cmake/stm32cubemx/CMakeFiles/STM32_Drivers.dir/__/__/Core/Src/system_stm32g4xx.c.obj
 .ARM.attributes
                0x0000008a       0x34 cmake/stm32cubemx/CMakeFiles/STM32_Drivers.dir/__/__/Drivers/STM32G4xx_HAL_Driver/Src/stm32g4xx_hal_uart.c.obj
 .ARM.attributes
                0x000000be       0x34 cmake/stm32cubemx/CMakeFiles/STM32_Drivers.dir/__/__/Drivers/STM32G4xx_HAL_Driver/Src/stm32g4xx_hal_uart_ex.c.obj
 .ARM.attributes
                0x000000f2       0x34 cmake/stm32cubemx/CMakeFiles/STM32_Drivers.dir/__/__/Drivers/STM32G4xx_HAL_Driver/Src/stm32g4xx_hal.c.obj
 .ARM.attributes
                0x00000126       0x34 cmake/stm32cubemx/CMakeFiles/STM32_Drivers.dir/__/__/Drivers/STM32G4xx_HAL_Driver/Src/stm32g4xx_hal_rcc.c.obj
 .ARM.attributes
                0x0000015a       0x34 cmake/stm32cubemx/CMakeFiles/STM32_Drivers.dir/__/__/Drivers/STM32G4xx_HAL_Driver/Src/stm32g4xx_hal_rcc_ex.c.obj
 .ARM.attributes
                0x0000018e       0x34 cmake/stm32cubemx/CMakeFiles/STM32_Drivers.dir/__/__/Drivers/STM32G4xx_HAL_Driver/Src/stm32g4xx_hal_gpio.c.obj
 .ARM.attributes
                0x000001c2       0x34 cmake/stm32cubemx/CMakeFiles/STM32_Drivers.dir/__/__/Drivers/STM32G4xx_HAL_Driver/Src/stm32g4xx_hal_exti.c.obj
 .ARM.attributes
                0x000001f6       0x34 cmake/stm32cubemx/CMakeFiles/STM32_Drivers.dir/__/__/Drivers/STM32G4xx_HAL_Driver/Src/stm32g4xx_hal_pwr_ex.c.obj
 .ARM.attributes
                0x0000022a       0x34 cmake/stm32cubemx/CMakeFiles/STM32_Drivers.dir/__/__/Drivers/STM32G4xx_HAL_Driver/Src/stm32g4xx_hal_cortex.c.obj
 .ARM.attributes
                0x0000025e       0x34 cmake/stm32cubemx/CMakeFiles/STM32_Drivers.dir/__/__/Drivers/BSP/STM32G4xx_Nucleo/stm32g4xx_nucleo.c.obj
 .ARM.attributes
                0x00000292       0x34 CMakeFiles/hab_bringup.dir/Core/Src/main.c.obj
 .ARM.attributes
                0x000002c6       0x34 CMakeFiles/hab_bringup.dir/Core/Src/stm32g4xx_it.c.obj
 .ARM.attributes
                0x000002fa       0x34 CMakeFiles/hab_bringup.dir/Core/Src/stm32g4xx_hal_msp.c.obj
 .ARM.attributes
                0x0000032e       0x34 CMakeFiles/hab_bringup.dir/Core/Src/sysmem.c.obj
 .ARM.attributes
                0x00000362       0x34 CMakeFiles/hab_bringup.dir/Core/Src/syscalls.c.obj
 .ARM.attributes
                0x00000396       0x21 CMakeFiles/hab_bringup.dir/startup_stm32g474xx.s.obj
 .ARM.attributes
                0x000003b7       0x22 /Applications/ArmGNUToolchain/15.3.rel1/arm-none-eabi/bin/../lib/gcc/arm-none-eabi/15.3.1/thumb/v7e-m+fp/hard/libgcc.a(_aeabi_uldivmod.o)
 .ARM.attributes
                0x000003d9       0x34 /Applications/ArmGNUToolchain/15.3.rel1/arm-none-eabi/bin/../lib/gcc/arm-none-eabi/15.3.1/thumb/v7e-m+fp/hard/libgcc.a(_udivmoddi4.o)
 .ARM.attributes
                0x0000040d       0x22 /Applications/ArmGNUToolchain/15.3.rel1/arm-none-eabi/bin/../lib/gcc/arm-none-eabi/15.3.1/thumb/v7e-m+fp/hard/libgcc.a(_dvmd_tls.o)
 .ARM.attributes
                0x0000042f       0x34 /Applications/ArmGNUToolchain/15.3.rel1/arm-none-eabi/bin/../lib/gcc/arm-none-eabi/15.3.1/../../../../arm-none-eabi/lib/thumb/v7e-m+fp/hard/libg_nano.a(libc_a-setvbuf.o)
 .ARM.attributes
                0x00000463       0x34 /Applications/ArmGNUToolchain/15.3.rel1/arm-none-eabi/bin/../lib/gcc/arm-none-eabi/15.3.1/../../../../arm-none-eabi/lib/thumb/v7e-m+fp/hard/libg_nano.a(libc_a-fflush.o)
 .ARM.attributes
                0x00000497       0x34 /Applications/ArmGNUToolchain/15.3.rel1/arm-none-eabi/bin/../lib/gcc/arm-none-eabi/15.3.1/../../../../arm-none-eabi/lib/thumb/v7e-m+fp/hard/libg_nano.a(libc_a-findfp.o)
 .ARM.attributes
                0x000004cb       0x34 /Applications/ArmGNUToolchain/15.3.rel1/arm-none-eabi/bin/../lib/gcc/arm-none-eabi/15.3.1/../../../../arm-none-eabi/lib/thumb/v7e-m+fp/hard/libg_nano.a(libc_a-fwalk.o)
 .ARM.attributes
                0x000004ff       0x34 /Applications/ArmGNUToolchain/15.3.rel1/arm-none-eabi/bin/../lib/gcc/arm-none-eabi/15.3.1/../../../../arm-none-eabi/lib/thumb/v7e-m+fp/hard/libg_nano.a(libc_a-makebuf.o)
 .ARM.attributes
                0x00000533       0x34 /Applications/ArmGNUToolchain/15.3.rel1/arm-none-eabi/bin/../lib/gcc/arm-none-eabi/15.3.1/../../../../arm-none-eabi/lib/thumb/v7e-m+fp/hard/libg_nano.a(libc_a-puts.o)
 .ARM.attributes
                0x00000567       0x34 /Applications/ArmGNUToolchain/15.3.rel1/arm-none-eabi/bin/../lib/gcc/arm-none-eabi/15.3.1/../../../../arm-none-eabi/lib/thumb/v7e-m+fp/hard/libg_nano.a(libc_a-memset.o)
 .ARM.attributes
                0x0000059b       0x34 /Applications/ArmGNUToolchain/15.3.rel1/arm-none-eabi/bin/../lib/gcc/arm-none-eabi/15.3.1/../../../../arm-none-eabi/lib/thumb/v7e-m+fp/hard/libg_nano.a(libc_a-isattyr.o)
 .ARM.attributes
                0x000005cf       0x34 /Applications/ArmGNUToolchain/15.3.rel1/arm-none-eabi/bin/../lib/gcc/arm-none-eabi/15.3.1/../../../../arm-none-eabi/lib/thumb/v7e-m+fp/hard/libg_nano.a(libc_a-errno.o)
 .ARM.attributes
                0x00000603       0x34 /Applications/ArmGNUToolchain/15.3.rel1/arm-none-eabi/bin/../lib/gcc/arm-none-eabi/15.3.1/../../../../arm-none-eabi/lib/thumb/v7e-m+fp/hard/libg_nano.a(libc_a-init.o)
 .ARM.attributes
                0x00000637       0x34 /Applications/ArmGNUToolchain/15.3.rel1/arm-none-eabi/bin/../lib/gcc/arm-none-eabi/15.3.1/../../../../arm-none-eabi/lib/thumb/v7e-m+fp/hard/libg_nano.a(libc_a-lock.o)
 .ARM.attributes
                0x0000066b       0x34 /Applications/ArmGNUToolchain/15.3.rel1/arm-none-eabi/bin/../lib/gcc/arm-none-eabi/15.3.1/../../../../arm-none-eabi/lib/thumb/v7e-m+fp/hard/libg_nano.a(libc_a-reent.o)
 .ARM.attributes
                0x0000069f       0x34 /Applications/ArmGNUToolchain/15.3.rel1/arm-none-eabi/bin/../lib/gcc/arm-none-eabi/15.3.1/../../../../arm-none-eabi/lib/thumb/v7e-m+fp/hard/libg_nano.a(libc_a-impure.o)
 .ARM.attributes
                0x000006d3       0x34 /Applications/ArmGNUToolchain/15.3.rel1/arm-none-eabi/bin/../lib/gcc/arm-none-eabi/15.3.1/../../../../arm-none-eabi/lib/thumb/v7e-m+fp/hard/libg_nano.a(libc_a-fstatr.o)
 .ARM.attributes
                0x00000707       0x34 /Applications/ArmGNUToolchain/15.3.rel1/arm-none-eabi/bin/../lib/gcc/arm-none-eabi/15.3.1/../../../../arm-none-eabi/lib/thumb/v7e-m+fp/hard/libg_nano.a(libc_a-freer.o)
 .ARM.attributes
                0x0000073b       0x34 /Applications/ArmGNUToolchain/15.3.rel1/arm-none-eabi/bin/../lib/gcc/arm-none-eabi/15.3.1/../../../../arm-none-eabi/lib/thumb/v7e-m+fp/hard/libg_nano.a(libc_a-malloc.o)
 .ARM.attributes
                0x0000076f       0x34 /Applications/ArmGNUToolchain/15.3.rel1/arm-none-eabi/bin/../lib/gcc/arm-none-eabi/15.3.1/../../../../arm-none-eabi/lib/thumb/v7e-m+fp/hard/libg_nano.a(libc_a-mallocr.o)
 .ARM.attributes
                0x000007a3       0x34 /Applications/ArmGNUToolchain/15.3.rel1/arm-none-eabi/bin/../lib/gcc/arm-none-eabi/15.3.1/../../../../arm-none-eabi/lib/thumb/v7e-m+fp/hard/libg_nano.a(libc_a-mlock.o)
 .ARM.attributes
                0x000007d7       0x34 /Applications/ArmGNUToolchain/15.3.rel1/arm-none-eabi/bin/../lib/gcc/arm-none-eabi/15.3.1/../../../../arm-none-eabi/lib/thumb/v7e-m+fp/hard/libg_nano.a(libc_a-stdio.o)
 .ARM.attributes
                0x0000080b       0x34 /Applications/ArmGNUToolchain/15.3.rel1/arm-none-eabi/bin/../lib/gcc/arm-none-eabi/15.3.1/../../../../arm-none-eabi/lib/thumb/v7e-m+fp/hard/libg_nano.a(libc_a-wbuf.o)
 .ARM.attributes
                0x0000083f       0x34 /Applications/ArmGNUToolchain/15.3.rel1/arm-none-eabi/bin/../lib/gcc/arm-none-eabi/15.3.1/../../../../arm-none-eabi/lib/thumb/v7e-m+fp/hard/libg_nano.a(libc_a-wsetup.o)
 .ARM.attributes
                0x00000873       0x34 /Applications/ArmGNUToolchain/15.3.rel1/arm-none-eabi/bin/../lib/gcc/arm-none-eabi/15.3.1/../../../../arm-none-eabi/lib/thumb/v7e-m+fp/hard/libg_nano.a(libc_a-lseekr.o)
 .ARM.attributes
                0x000008a7       0x34 /Applications/ArmGNUToolchain/15.3.rel1/arm-none-eabi/bin/../lib/gcc/arm-none-eabi/15.3.1/../../../../arm-none-eabi/lib/thumb/v7e-m+fp/hard/libg_nano.a(libc_a-readr.o)
 .ARM.attributes
                0x000008db       0x34 /Applications/ArmGNUToolchain/15.3.rel1/arm-none-eabi/bin/../lib/gcc/arm-none-eabi/15.3.1/../../../../arm-none-eabi/lib/thumb/v7e-m+fp/hard/libg_nano.a(libc_a-sbrkr.o)
 .ARM.attributes
                0x0000090f       0x34 /Applications/ArmGNUToolchain/15.3.rel1/arm-none-eabi/bin/../lib/gcc/arm-none-eabi/15.3.1/../../../../arm-none-eabi/lib/thumb/v7e-m+fp/hard/libg_nano.a(libc_a-writer.o)
 .ARM.attributes
                0x00000943       0x34 /Applications/ArmGNUToolchain/15.3.rel1/arm-none-eabi/bin/../lib/gcc/arm-none-eabi/15.3.1/../../../../arm-none-eabi/lib/thumb/v7e-m+fp/hard/libg_nano.a(libc_a-closer.o)
 .ARM.attributes
                0x00000977       0x34 /Applications/ArmGNUToolchain/15.3.rel1/arm-none-eabi/bin/../lib/gcc/arm-none-eabi/15.3.1/thumb/v7e-m+fp/hard/crtend.o
 .ARM.attributes
                0x000009ab       0x22 /Applications/ArmGNUToolchain/15.3.rel1/arm-none-eabi/bin/../lib/gcc/arm-none-eabi/15.3.1/thumb/v7e-m+fp/hard/crtn.o

.comment        0x00000000       0x46
 .comment       0x00000000       0x46 cmake/stm32cubemx/CMakeFiles/STM32_Drivers.dir/__/__/Core/Src/system_stm32g4xx.c.obj
                                 0x47 (size before relaxing)
 .comment       0x00000046        0x0 cmake/stm32cubemx/CMakeFiles/STM32_Drivers.dir/__/__/Drivers/STM32G4xx_HAL_Driver/Src/stm32g4xx_hal_uart.c.obj
                                 0x47 (size before relaxing)
 .comment       0x00000046        0x0 cmake/stm32cubemx/CMakeFiles/STM32_Drivers.dir/__/__/Drivers/STM32G4xx_HAL_Driver/Src/stm32g4xx_hal_uart_ex.c.obj
                                 0x47 (size before relaxing)
 .comment       0x00000046        0x0 cmake/stm32cubemx/CMakeFiles/STM32_Drivers.dir/__/__/Drivers/STM32G4xx_HAL_Driver/Src/stm32g4xx_hal.c.obj
                                 0x47 (size before relaxing)
 .comment       0x00000046        0x0 cmake/stm32cubemx/CMakeFiles/STM32_Drivers.dir/__/__/Drivers/STM32G4xx_HAL_Driver/Src/stm32g4xx_hal_rcc.c.obj
                                 0x47 (size before relaxing)
 .comment       0x00000046        0x0 cmake/stm32cubemx/CMakeFiles/STM32_Drivers.dir/__/__/Drivers/STM32G4xx_HAL_Driver/Src/stm32g4xx_hal_rcc_ex.c.obj
                                 0x47 (size before relaxing)
 .comment       0x00000046        0x0 cmake/stm32cubemx/CMakeFiles/STM32_Drivers.dir/__/__/Drivers/STM32G4xx_HAL_Driver/Src/stm32g4xx_hal_gpio.c.obj
                                 0x47 (size before relaxing)
 .comment       0x00000046        0x0 cmake/stm32cubemx/CMakeFiles/STM32_Drivers.dir/__/__/Drivers/STM32G4xx_HAL_Driver/Src/stm32g4xx_hal_exti.c.obj
                                 0x47 (size before relaxing)
 .comment       0x00000046        0x0 cmake/stm32cubemx/CMakeFiles/STM32_Drivers.dir/__/__/Drivers/STM32G4xx_HAL_Driver/Src/stm32g4xx_hal_pwr_ex.c.obj
                                 0x47 (size before relaxing)
 .comment       0x00000046        0x0 cmake/stm32cubemx/CMakeFiles/STM32_Drivers.dir/__/__/Drivers/STM32G4xx_HAL_Driver/Src/stm32g4xx_hal_cortex.c.obj
                                 0x47 (size before relaxing)
 .comment       0x00000046        0x0 cmake/stm32cubemx/CMakeFiles/STM32_Drivers.dir/__/__/Drivers/BSP/STM32G4xx_Nucleo/stm32g4xx_nucleo.c.obj
                                 0x47 (size before relaxing)
 .comment       0x00000046        0x0 CMakeFiles/hab_bringup.dir/Core/Src/main.c.obj
                                 0x47 (size before relaxing)
 .comment       0x00000046        0x0 CMakeFiles/hab_bringup.dir/Core/Src/stm32g4xx_it.c.obj
                                 0x47 (size before relaxing)
 .comment       0x00000046        0x0 CMakeFiles/hab_bringup.dir/Core/Src/stm32g4xx_hal_msp.c.obj
                                 0x47 (size before relaxing)
 .comment       0x00000046        0x0 CMakeFiles/hab_bringup.dir/Core/Src/sysmem.c.obj
                                 0x47 (size before relaxing)
 .comment       0x00000046        0x0 CMakeFiles/hab_bringup.dir/Core/Src/syscalls.c.obj
                                 0x47 (size before relaxing)

.debug_info     0x00000000     0xe132
 .debug_info    0x00000000      0x58e cmake/stm32cubemx/CMakeFiles/STM32_Drivers.dir/__/__/Core/Src/system_stm32g4xx.c.obj
 .debug_info    0x0000058e     0x4854 cmake/stm32cubemx/CMakeFiles/STM32_Drivers.dir/__/__/Drivers/STM32G4xx_HAL_Driver/Src/stm32g4xx_hal_uart.c.obj
 .debug_info    0x00004de2      0xfdc cmake/stm32cubemx/CMakeFiles/STM32_Drivers.dir/__/__/Drivers/STM32G4xx_HAL_Driver/Src/stm32g4xx_hal_uart_ex.c.obj
 .debug_info    0x00005dbe      0xb95 cmake/stm32cubemx/CMakeFiles/STM32_Drivers.dir/__/__/Drivers/STM32G4xx_HAL_Driver/Src/stm32g4xx_hal.c.obj
 .debug_info    0x00006953      0xbf9 cmake/stm32cubemx/CMakeFiles/STM32_Drivers.dir/__/__/Drivers/STM32G4xx_HAL_Driver/Src/stm32g4xx_hal_rcc.c.obj
 .debug_info    0x0000754c      0xc5d cmake/stm32cubemx/CMakeFiles/STM32_Drivers.dir/__/__/Drivers/STM32G4xx_HAL_Driver/Src/stm32g4xx_hal_rcc_ex.c.obj
 .debug_info    0x000081a9      0x772 cmake/stm32cubemx/CMakeFiles/STM32_Drivers.dir/__/__/Drivers/STM32G4xx_HAL_Driver/Src/stm32g4xx_hal_gpio.c.obj
 .debug_info    0x0000891b      0x65f cmake/stm32cubemx/CMakeFiles/STM32_Drivers.dir/__/__/Drivers/STM32G4xx_HAL_Driver/Src/stm32g4xx_hal_exti.c.obj
 .debug_info    0x00008f7a      0x944 cmake/stm32cubemx/CMakeFiles/STM32_Drivers.dir/__/__/Drivers/STM32G4xx_HAL_Driver/Src/stm32g4xx_hal_pwr_ex.c.obj
 .debug_info    0x000098be      0xdf9 cmake/stm32cubemx/CMakeFiles/STM32_Drivers.dir/__/__/Drivers/STM32G4xx_HAL_Driver/Src/stm32g4xx_hal_cortex.c.obj
 .debug_info    0x0000a6b7      0xc86 cmake/stm32cubemx/CMakeFiles/STM32_Drivers.dir/__/__/Drivers/BSP/STM32G4xx_Nucleo/stm32g4xx_nucleo.c.obj
 .debug_info    0x0000b33d     0x16d9 CMakeFiles/hab_bringup.dir/Core/Src/main.c.obj
 .debug_info    0x0000ca16      0x15b CMakeFiles/hab_bringup.dir/Core/Src/stm32g4xx_it.c.obj
 .debug_info    0x0000cb71      0xd75 CMakeFiles/hab_bringup.dir/Core/Src/stm32g4xx_hal_msp.c.obj
 .debug_info    0x0000d8e6      0x168 CMakeFiles/hab_bringup.dir/Core/Src/sysmem.c.obj
 .debug_info    0x0000da4e      0x6b4 CMakeFiles/hab_bringup.dir/Core/Src/syscalls.c.obj
 .debug_info    0x0000e102       0x30 CMakeFiles/hab_bringup.dir/startup_stm32g474xx.s.obj

.debug_abbrev   0x00000000     0x2235
 .debug_abbrev  0x00000000      0x11a cmake/stm32cubemx/CMakeFiles/STM32_Drivers.dir/__/__/Core/Src/system_stm32g4xx.c.obj
 .debug_abbrev  0x0000011a      0x304 cmake/stm32cubemx/CMakeFiles/STM32_Drivers.dir/__/__/Drivers/STM32G4xx_HAL_Driver/Src/stm32g4xx_hal_uart.c.obj
 .debug_abbrev  0x0000041e      0x2d2 cmake/stm32cubemx/CMakeFiles/STM32_Drivers.dir/__/__/Drivers/STM32G4xx_HAL_Driver/Src/stm32g4xx_hal_uart_ex.c.obj
 .debug_abbrev  0x000006f0      0x271 cmake/stm32cubemx/CMakeFiles/STM32_Drivers.dir/__/__/Drivers/STM32G4xx_HAL_Driver/Src/stm32g4xx_hal.c.obj
 .debug_abbrev  0x00000961      0x2c9 cmake/stm32cubemx/CMakeFiles/STM32_Drivers.dir/__/__/Drivers/STM32G4xx_HAL_Driver/Src/stm32g4xx_hal_rcc.c.obj
 .debug_abbrev  0x00000c2a      0x261 cmake/stm32cubemx/CMakeFiles/STM32_Drivers.dir/__/__/Drivers/STM32G4xx_HAL_Driver/Src/stm32g4xx_hal_rcc_ex.c.obj
 .debug_abbrev  0x00000e8b      0x1d2 cmake/stm32cubemx/CMakeFiles/STM32_Drivers.dir/__/__/Drivers/STM32G4xx_HAL_Driver/Src/stm32g4xx_hal_gpio.c.obj
 .debug_abbrev  0x0000105d      0x1b1 cmake/stm32cubemx/CMakeFiles/STM32_Drivers.dir/__/__/Drivers/STM32G4xx_HAL_Driver/Src/stm32g4xx_hal_exti.c.obj
 .debug_abbrev  0x0000120e      0x22c cmake/stm32cubemx/CMakeFiles/STM32_Drivers.dir/__/__/Drivers/STM32G4xx_HAL_Driver/Src/stm32g4xx_hal_pwr_ex.c.obj
 .debug_abbrev  0x0000143a      0x31c cmake/stm32cubemx/CMakeFiles/STM32_Drivers.dir/__/__/Drivers/STM32G4xx_HAL_Driver/Src/stm32g4xx_hal_cortex.c.obj
 .debug_abbrev  0x00001756      0x262 cmake/stm32cubemx/CMakeFiles/STM32_Drivers.dir/__/__/Drivers/BSP/STM32G4xx_Nucleo/stm32g4xx_nucleo.c.obj
 .debug_abbrev  0x000019b8      0x341 CMakeFiles/hab_bringup.dir/Core/Src/main.c.obj
 .debug_abbrev  0x00001cf9       0xbc CMakeFiles/hab_bringup.dir/Core/Src/stm32g4xx_it.c.obj
 .debug_abbrev  0x00001db5      0x1e4 CMakeFiles/hab_bringup.dir/Core/Src/stm32g4xx_hal_msp.c.obj
 .debug_abbrev  0x00001f99       0xbc CMakeFiles/hab_bringup.dir/Core/Src/sysmem.c.obj
 .debug_abbrev  0x00002055      0x1bc CMakeFiles/hab_bringup.dir/Core/Src/syscalls.c.obj
 .debug_abbrev  0x00002211       0x24 CMakeFiles/hab_bringup.dir/startup_stm32g474xx.s.obj

.debug_aranges  0x00000000      0xb28
 .debug_aranges
                0x00000000       0x28 cmake/stm32cubemx/CMakeFiles/STM32_Drivers.dir/__/__/Core/Src/system_stm32g4xx.c.obj
 .debug_aranges
                0x00000028      0x248 cmake/stm32cubemx/CMakeFiles/STM32_Drivers.dir/__/__/Drivers/STM32G4xx_HAL_Driver/Src/stm32g4xx_hal_uart.c.obj
 .debug_aranges
                0x00000270       0xa8 cmake/stm32cubemx/CMakeFiles/STM32_Drivers.dir/__/__/Drivers/STM32G4xx_HAL_Driver/Src/stm32g4xx_hal_uart_ex.c.obj
 .debug_aranges
                0x00000318      0x148 cmake/stm32cubemx/CMakeFiles/STM32_Drivers.dir/__/__/Drivers/STM32G4xx_HAL_Driver/Src/stm32g4xx_hal.c.obj
 .debug_aranges
                0x00000460       0x98 cmake/stm32cubemx/CMakeFiles/STM32_Drivers.dir/__/__/Drivers/STM32G4xx_HAL_Driver/Src/stm32g4xx_hal_rcc.c.obj
 .debug_aranges
                0x000004f8       0xb0 cmake/stm32cubemx/CMakeFiles/STM32_Drivers.dir/__/__/Drivers/STM32G4xx_HAL_Driver/Src/stm32g4xx_hal_rcc_ex.c.obj
 .debug_aranges
                0x000005a8       0x58 cmake/stm32cubemx/CMakeFiles/STM32_Drivers.dir/__/__/Drivers/STM32G4xx_HAL_Driver/Src/stm32g4xx_hal_gpio.c.obj
 .debug_aranges
                0x00000600       0x60 cmake/stm32cubemx/CMakeFiles/STM32_Drivers.dir/__/__/Drivers/STM32G4xx_HAL_Driver/Src/stm32g4xx_hal_exti.c.obj
 .debug_aranges
                0x00000660      0x140 cmake/stm32cubemx/CMakeFiles/STM32_Drivers.dir/__/__/Drivers/STM32G4xx_HAL_Driver/Src/stm32g4xx_hal_pwr_ex.c.obj
 .debug_aranges
                0x000007a0      0x128 cmake/stm32cubemx/CMakeFiles/STM32_Drivers.dir/__/__/Drivers/STM32G4xx_HAL_Driver/Src/stm32g4xx_hal_cortex.c.obj
 .debug_aranges
                0x000008c8       0x90 cmake/stm32cubemx/CMakeFiles/STM32_Drivers.dir/__/__/Drivers/BSP/STM32G4xx_Nucleo/stm32g4xx_nucleo.c.obj
 .debug_aranges
                0x00000958       0x48 CMakeFiles/hab_bringup.dir/Core/Src/main.c.obj
 .debug_aranges
                0x000009a0       0x68 CMakeFiles/hab_bringup.dir/Core/Src/stm32g4xx_it.c.obj
 .debug_aranges
                0x00000a08       0x30 CMakeFiles/hab_bringup.dir/Core/Src/stm32g4xx_hal_msp.c.obj
 .debug_aranges
                0x00000a38       0x20 CMakeFiles/hab_bringup.dir/Core/Src/sysmem.c.obj
 .debug_aranges
                0x00000a58       0xa8 CMakeFiles/hab_bringup.dir/Core/Src/syscalls.c.obj
 .debug_aranges
                0x00000b00       0x28 CMakeFiles/hab_bringup.dir/startup_stm32g474xx.s.obj

.debug_rnglists
                0x00000000      0x875
 .debug_rnglists
                0x00000000       0x1a cmake/stm32cubemx/CMakeFiles/STM32_Drivers.dir/__/__/Core/Src/system_stm32g4xx.c.obj
 .debug_rnglists
                0x0000001a      0x1f7 cmake/stm32cubemx/CMakeFiles/STM32_Drivers.dir/__/__/Drivers/STM32G4xx_HAL_Driver/Src/stm32g4xx_hal_uart.c.obj
 .debug_rnglists
                0x00000211       0x7f cmake/stm32cubemx/CMakeFiles/STM32_Drivers.dir/__/__/Drivers/STM32G4xx_HAL_Driver/Src/stm32g4xx_hal_uart_ex.c.obj
 .debug_rnglists
                0x00000290       0xf1 cmake/stm32cubemx/CMakeFiles/STM32_Drivers.dir/__/__/Drivers/STM32G4xx_HAL_Driver/Src/stm32g4xx_hal.c.obj
 .debug_rnglists
                0x00000381       0x74 cmake/stm32cubemx/CMakeFiles/STM32_Drivers.dir/__/__/Drivers/STM32G4xx_HAL_Driver/Src/stm32g4xx_hal_rcc.c.obj
 .debug_rnglists
                0x000003f5       0x87 cmake/stm32cubemx/CMakeFiles/STM32_Drivers.dir/__/__/Drivers/STM32G4xx_HAL_Driver/Src/stm32g4xx_hal_rcc_ex.c.obj
 .debug_rnglists
                0x0000047c       0x3f cmake/stm32cubemx/CMakeFiles/STM32_Drivers.dir/__/__/Drivers/STM32G4xx_HAL_Driver/Src/stm32g4xx_hal_gpio.c.obj
 .debug_rnglists
                0x000004bb       0x46 cmake/stm32cubemx/CMakeFiles/STM32_Drivers.dir/__/__/Drivers/STM32G4xx_HAL_Driver/Src/stm32g4xx_hal_exti.c.obj
 .debug_rnglists
                0x00000501       0xf1 cmake/stm32cubemx/CMakeFiles/STM32_Drivers.dir/__/__/Drivers/STM32G4xx_HAL_Driver/Src/stm32g4xx_hal_pwr_ex.c.obj
 .debug_rnglists
                0x000005f2       0xd9 cmake/stm32cubemx/CMakeFiles/STM32_Drivers.dir/__/__/Drivers/STM32G4xx_HAL_Driver/Src/stm32g4xx_hal_cortex.c.obj
 .debug_rnglists
                0x000006cb       0x68 cmake/stm32cubemx/CMakeFiles/STM32_Drivers.dir/__/__/Drivers/BSP/STM32G4xx_Nucleo/stm32g4xx_nucleo.c.obj
 .debug_rnglists
                0x00000733       0x34 CMakeFiles/hab_bringup.dir/Core/Src/main.c.obj
 .debug_rnglists
                0x00000767       0x49 CMakeFiles/hab_bringup.dir/Core/Src/stm32g4xx_it.c.obj
 .debug_rnglists
                0x000007b0       0x20 CMakeFiles/hab_bringup.dir/Core/Src/stm32g4xx_hal_msp.c.obj
 .debug_rnglists
                0x000007d0       0x13 CMakeFiles/hab_bringup.dir/Core/Src/sysmem.c.obj
 .debug_rnglists
                0x000007e3       0x79 CMakeFiles/hab_bringup.dir/Core/Src/syscalls.c.obj
 .debug_rnglists
                0x0000085c       0x19 CMakeFiles/hab_bringup.dir/startup_stm32g474xx.s.obj

.debug_macro    0x00000000    0x25ef9
 .debug_macro   0x00000000      0x1ba cmake/stm32cubemx/CMakeFiles/STM32_Drivers.dir/__/__/Core/Src/system_stm32g4xx.c.obj
 .debug_macro   0x000001ba      0xaf0 cmake/stm32cubemx/CMakeFiles/STM32_Drivers.dir/__/__/Core/Src/system_stm32g4xx.c.obj
 .debug_macro   0x00000caa       0x2e cmake/stm32cubemx/CMakeFiles/STM32_Drivers.dir/__/__/Core/Src/system_stm32g4xx.c.obj
 .debug_macro   0x00000cd8       0x28 cmake/stm32cubemx/CMakeFiles/STM32_Drivers.dir/__/__/Core/Src/system_stm32g4xx.c.obj
 .debug_macro   0x00000d00       0x22 cmake/stm32cubemx/CMakeFiles/STM32_Drivers.dir/__/__/Core/Src/system_stm32g4xx.c.obj
 .debug_macro   0x00000d22       0x8e cmake/stm32cubemx/CMakeFiles/STM32_Drivers.dir/__/__/Core/Src/system_stm32g4xx.c.obj
 .debug_macro   0x00000db0       0x6d cmake/stm32cubemx/CMakeFiles/STM32_Drivers.dir/__/__/Core/Src/system_stm32g4xx.c.obj
 .debug_macro   0x00000e1d      0x103 cmake/stm32cubemx/CMakeFiles/STM32_Drivers.dir/__/__/Core/Src/system_stm32g4xx.c.obj
 .debug_macro   0x00000f20       0x6a cmake/stm32cubemx/CMakeFiles/STM32_Drivers.dir/__/__/Core/Src/system_stm32g4xx.c.obj
 .debug_macro   0x00000f8a      0x1d0 cmake/stm32cubemx/CMakeFiles/STM32_Drivers.dir/__/__/Core/Src/system_stm32g4xx.c.obj
 .debug_macro   0x0000115a       0x1c cmake/stm32cubemx/CMakeFiles/STM32_Drivers.dir/__/__/Core/Src/system_stm32g4xx.c.obj
 .debug_macro   0x00001176       0x22 cmake/stm32cubemx/CMakeFiles/STM32_Drivers.dir/__/__/Core/Src/system_stm32g4xx.c.obj
 .debug_macro   0x00001198       0xfb cmake/stm32cubemx/CMakeFiles/STM32_Drivers.dir/__/__/Core/Src/system_stm32g4xx.c.obj
 .debug_macro   0x00001293     0x1011 cmake/stm32cubemx/CMakeFiles/STM32_Drivers.dir/__/__/Core/Src/system_stm32g4xx.c.obj
 .debug_macro   0x000022a4      0x11f cmake/stm32cubemx/CMakeFiles/STM32_Drivers.dir/__/__/Core/Src/system_stm32g4xx.c.obj
 .debug_macro   0x000023c3    0x18b8c cmake/stm32cubemx/CMakeFiles/STM32_Drivers.dir/__/__/Core/Src/system_stm32g4xx.c.obj
 .debug_macro   0x0001af4f       0x6d cmake/stm32cubemx/CMakeFiles/STM32_Drivers.dir/__/__/Core/Src/system_stm32g4xx.c.obj
 .debug_macro   0x0001afbc      0x155 cmake/stm32cubemx/CMakeFiles/STM32_Drivers.dir/__/__/Core/Src/system_stm32g4xx.c.obj
 .debug_macro   0x0001b111     0x3558 cmake/stm32cubemx/CMakeFiles/STM32_Drivers.dir/__/__/Core/Src/system_stm32g4xx.c.obj
 .debug_macro   0x0001e669      0x190 cmake/stm32cubemx/CMakeFiles/STM32_Drivers.dir/__/__/Core/Src/system_stm32g4xx.c.obj
 .debug_macro   0x0001e7f9       0x5c cmake/stm32cubemx/CMakeFiles/STM32_Drivers.dir/__/__/Core/Src/system_stm32g4xx.c.obj
 .debug_macro   0x0001e855     0x171f cmake/stm32cubemx/CMakeFiles/STM32_Drivers.dir/__/__/Core/Src/system_stm32g4xx.c.obj
 .debug_macro   0x0001ff74      0x600 cmake/stm32cubemx/CMakeFiles/STM32_Drivers.dir/__/__/Core/Src/system_stm32g4xx.c.obj
 .debug_macro   0x00020574      0x1b6 cmake/stm32cubemx/CMakeFiles/STM32_Drivers.dir/__/__/Core/Src/system_stm32g4xx.c.obj
 .debug_macro   0x0002072a      0x34a cmake/stm32cubemx/CMakeFiles/STM32_Drivers.dir/__/__/Core/Src/system_stm32g4xx.c.obj
 .debug_macro   0x00020a74      0x53c cmake/stm32cubemx/CMakeFiles/STM32_Drivers.dir/__/__/Core/Src/system_stm32g4xx.c.obj
 .debug_macro   0x00020fb0      0x18b cmake/stm32cubemx/CMakeFiles/STM32_Drivers.dir/__/__/Core/Src/system_stm32g4xx.c.obj
 .debug_macro   0x0002113b       0x43 cmake/stm32cubemx/CMakeFiles/STM32_Drivers.dir/__/__/Core/Src/system_stm32g4xx.c.obj
 .debug_macro   0x0002117e      0x23d cmake/stm32cubemx/CMakeFiles/STM32_Drivers.dir/__/__/Core/Src/system_stm32g4xx.c.obj
 .debug_macro   0x000213bb      0x211 cmake/stm32cubemx/CMakeFiles/STM32_Drivers.dir/__/__/Core/Src/system_stm32g4xx.c.obj
 .debug_macro   0x000215cc      0x45c cmake/stm32cubemx/CMakeFiles/STM32_Drivers.dir/__/__/Core/Src/system_stm32g4xx.c.obj
 .debug_macro   0x00021a28      0x11c cmake/stm32cubemx/CMakeFiles/STM32_Drivers.dir/__/__/Core/Src/system_stm32g4xx.c.obj
 .debug_macro   0x00021b44      0x122 cmake/stm32cubemx/CMakeFiles/STM32_Drivers.dir/__/__/Core/Src/system_stm32g4xx.c.obj
 .debug_macro   0x00021c66      0x3d1 cmake/stm32cubemx/CMakeFiles/STM32_Drivers.dir/__/__/Core/Src/system_stm32g4xx.c.obj
 .debug_macro   0x00022037      0x693 cmake/stm32cubemx/CMakeFiles/STM32_Drivers.dir/__/__/Core/Src/system_stm32g4xx.c.obj
 .debug_macro   0x000226ca       0xa6 cmake/stm32cubemx/CMakeFiles/STM32_Drivers.dir/__/__/Core/Src/system_stm32g4xx.c.obj
 .debug_macro   0x00022770      0x358 cmake/stm32cubemx/CMakeFiles/STM32_Drivers.dir/__/__/Core/Src/system_stm32g4xx.c.obj
 .debug_macro   0x00022ac8      0x1e5 cmake/stm32cubemx/CMakeFiles/STM32_Drivers.dir/__/__/Drivers/STM32G4xx_HAL_Driver/Src/stm32g4xx_hal_uart.c.obj
 .debug_macro   0x00022cad      0x1c6 cmake/stm32cubemx/CMakeFiles/STM32_Drivers.dir/__/__/Drivers/STM32G4xx_HAL_Driver/Src/stm32g4xx_hal_uart_ex.c.obj
 .debug_macro   0x00022e73      0x208 cmake/stm32cubemx/CMakeFiles/STM32_Drivers.dir/__/__/Drivers/STM32G4xx_HAL_Driver/Src/stm32g4xx_hal.c.obj
 .debug_macro   0x0002307b      0x1fc cmake/stm32cubemx/CMakeFiles/STM32_Drivers.dir/__/__/Drivers/STM32G4xx_HAL_Driver/Src/stm32g4xx_hal_rcc.c.obj
 .debug_macro   0x00023277      0x1e4 cmake/stm32cubemx/CMakeFiles/STM32_Drivers.dir/__/__/Drivers/STM32G4xx_HAL_Driver/Src/stm32g4xx_hal_rcc_ex.c.obj
 .debug_macro   0x0002345b      0x1c1 cmake/stm32cubemx/CMakeFiles/STM32_Drivers.dir/__/__/Drivers/STM32G4xx_HAL_Driver/Src/stm32g4xx_hal_gpio.c.obj
 .debug_macro   0x0002361c      0x1c6 cmake/stm32cubemx/CMakeFiles/STM32_Drivers.dir/__/__/Drivers/STM32G4xx_HAL_Driver/Src/stm32g4xx_hal_exti.c.obj
 .debug_macro   0x000237e2      0x1e4 cmake/stm32cubemx/CMakeFiles/STM32_Drivers.dir/__/__/Drivers/STM32G4xx_HAL_Driver/Src/stm32g4xx_hal_pwr_ex.c.obj
 .debug_macro   0x000239c6      0x1ba cmake/stm32cubemx/CMakeFiles/STM32_Drivers.dir/__/__/Drivers/STM32G4xx_HAL_Driver/Src/stm32g4xx_hal_cortex.c.obj
 .debug_macro   0x00023b80      0x1e7 cmake/stm32cubemx/CMakeFiles/STM32_Drivers.dir/__/__/Drivers/BSP/STM32G4xx_Nucleo/stm32g4xx_nucleo.c.obj
 .debug_macro   0x00023d67       0x52 cmake/stm32cubemx/CMakeFiles/STM32_Drivers.dir/__/__/Drivers/BSP/STM32G4xx_Nucleo/stm32g4xx_nucleo.c.obj
 .debug_macro   0x00023db9       0x1c cmake/stm32cubemx/CMakeFiles/STM32_Drivers.dir/__/__/Drivers/BSP/STM32G4xx_Nucleo/stm32g4xx_nucleo.c.obj
 .debug_macro   0x00023dd5       0x97 cmake/stm32cubemx/CMakeFiles/STM32_Drivers.dir/__/__/Drivers/BSP/STM32G4xx_Nucleo/stm32g4xx_nucleo.c.obj
 .debug_macro   0x00023e6c      0x2b3 CMakeFiles/hab_bringup.dir/Core/Src/main.c.obj
 .debug_macro   0x0002411f       0x22 CMakeFiles/hab_bringup.dir/Core/Src/main.c.obj
 .debug_macro   0x00024141       0x58 CMakeFiles/hab_bringup.dir/Core/Src/main.c.obj
 .debug_macro   0x00024199       0x7b CMakeFiles/hab_bringup.dir/Core/Src/main.c.obj
 .debug_macro   0x00024214       0x2a CMakeFiles/hab_bringup.dir/Core/Src/main.c.obj
 .debug_macro   0x0002423e       0x3c CMakeFiles/hab_bringup.dir/Core/Src/main.c.obj
 .debug_macro   0x0002427a       0x34 CMakeFiles/hab_bringup.dir/Core/Src/main.c.obj
 .debug_macro   0x000242ae       0x16 CMakeFiles/hab_bringup.dir/Core/Src/main.c.obj
 .debug_macro   0x000242c4       0x3c CMakeFiles/hab_bringup.dir/Core/Src/main.c.obj
 .debug_macro   0x00024300      0x364 CMakeFiles/hab_bringup.dir/Core/Src/main.c.obj
 .debug_macro   0x00024664       0x10 CMakeFiles/hab_bringup.dir/Core/Src/main.c.obj
 .debug_macro   0x00024674       0x16 CMakeFiles/hab_bringup.dir/Core/Src/main.c.obj
 .debug_macro   0x0002468a       0x4a CMakeFiles/hab_bringup.dir/Core/Src/main.c.obj
 .debug_macro   0x000246d4       0x34 CMakeFiles/hab_bringup.dir/Core/Src/main.c.obj
 .debug_macro   0x00024708       0x10 CMakeFiles/hab_bringup.dir/Core/Src/main.c.obj
 .debug_macro   0x00024718       0x58 CMakeFiles/hab_bringup.dir/Core/Src/main.c.obj
 .debug_macro   0x00024770      0x1e5 CMakeFiles/hab_bringup.dir/Core/Src/main.c.obj
 .debug_macro   0x00024955       0x16 CMakeFiles/hab_bringup.dir/Core/Src/main.c.obj
 .debug_macro   0x0002496b       0x16 CMakeFiles/hab_bringup.dir/Core/Src/main.c.obj
 .debug_macro   0x00024981      0x170 CMakeFiles/hab_bringup.dir/Core/Src/main.c.obj
 .debug_macro   0x00024af1      0x1f4 CMakeFiles/hab_bringup.dir/Core/Src/stm32g4xx_it.c.obj
 .debug_macro   0x00024ce5      0x1ea CMakeFiles/hab_bringup.dir/Core/Src/stm32g4xx_hal_msp.c.obj
 .debug_macro   0x00024ecf      0x103 CMakeFiles/hab_bringup.dir/Core/Src/sysmem.c.obj
 .debug_macro   0x00024fd2       0x10 CMakeFiles/hab_bringup.dir/Core/Src/sysmem.c.obj
 .debug_macro   0x00024fe2       0x75 CMakeFiles/hab_bringup.dir/Core/Src/sysmem.c.obj
 .debug_macro   0x00025057       0x94 CMakeFiles/hab_bringup.dir/Core/Src/sysmem.c.obj
 .debug_macro   0x000250eb       0x73 CMakeFiles/hab_bringup.dir/Core/Src/sysmem.c.obj
 .debug_macro   0x0002515e      0x23c CMakeFiles/hab_bringup.dir/Core/Src/sysmem.c.obj
 .debug_macro   0x0002539a      0x265 CMakeFiles/hab_bringup.dir/Core/Src/syscalls.c.obj
 .debug_macro   0x000255ff       0x10 CMakeFiles/hab_bringup.dir/Core/Src/syscalls.c.obj
 .debug_macro   0x0002560f       0x10 CMakeFiles/hab_bringup.dir/Core/Src/syscalls.c.obj
 .debug_macro   0x0002561f       0x10 CMakeFiles/hab_bringup.dir/Core/Src/syscalls.c.obj
 .debug_macro   0x0002562f       0x10 CMakeFiles/hab_bringup.dir/Core/Src/syscalls.c.obj
 .debug_macro   0x0002563f       0x1c CMakeFiles/hab_bringup.dir/Core/Src/syscalls.c.obj
 .debug_macro   0x0002565b       0x52 CMakeFiles/hab_bringup.dir/Core/Src/syscalls.c.obj
 .debug_macro   0x000256ad       0x22 CMakeFiles/hab_bringup.dir/Core/Src/syscalls.c.obj
 .debug_macro   0x000256cf       0x10 CMakeFiles/hab_bringup.dir/Core/Src/syscalls.c.obj
 .debug_macro   0x000256df       0x52 CMakeFiles/hab_bringup.dir/Core/Src/syscalls.c.obj
 .debug_macro   0x00025731       0xcf CMakeFiles/hab_bringup.dir/Core/Src/syscalls.c.obj
 .debug_macro   0x00025800       0x1c CMakeFiles/hab_bringup.dir/Core/Src/syscalls.c.obj
 .debug_macro   0x0002581c       0x3d CMakeFiles/hab_bringup.dir/Core/Src/syscalls.c.obj
 .debug_macro   0x00025859       0x3b CMakeFiles/hab_bringup.dir/Core/Src/syscalls.c.obj
 .debug_macro   0x00025894      0x134 CMakeFiles/hab_bringup.dir/Core/Src/syscalls.c.obj
 .debug_macro   0x000259c8       0x16 CMakeFiles/hab_bringup.dir/Core/Src/syscalls.c.obj
 .debug_macro   0x000259de       0x16 CMakeFiles/hab_bringup.dir/Core/Src/syscalls.c.obj
 .debug_macro   0x000259f4       0x29 CMakeFiles/hab_bringup.dir/Core/Src/syscalls.c.obj
 .debug_macro   0x00025a1d      0x242 CMakeFiles/hab_bringup.dir/Core/Src/syscalls.c.obj
 .debug_macro   0x00025c5f       0x1c CMakeFiles/hab_bringup.dir/Core/Src/syscalls.c.obj
 .debug_macro   0x00025c7b       0x10 CMakeFiles/hab_bringup.dir/Core/Src/syscalls.c.obj
 .debug_macro   0x00025c8b      0x18a CMakeFiles/hab_bringup.dir/Core/Src/syscalls.c.obj
 .debug_macro   0x00025e15       0x16 CMakeFiles/hab_bringup.dir/Core/Src/syscalls.c.obj
 .debug_macro   0x00025e2b       0xce CMakeFiles/hab_bringup.dir/Core/Src/syscalls.c.obj

.debug_line     0x00000000     0xcef6
 .debug_line    0x00000000      0x730 cmake/stm32cubemx/CMakeFiles/STM32_Drivers.dir/__/__/Core/Src/system_stm32g4xx.c.obj
 .debug_line    0x00000730     0x355c cmake/stm32cubemx/CMakeFiles/STM32_Drivers.dir/__/__/Drivers/STM32G4xx_HAL_Driver/Src/stm32g4xx_hal_uart.c.obj
 .debug_line    0x00003c8c      0xc31 cmake/stm32cubemx/CMakeFiles/STM32_Drivers.dir/__/__/Drivers/STM32G4xx_HAL_Driver/Src/stm32g4xx_hal_uart_ex.c.obj
 .debug_line    0x000048bd      0xaff cmake/stm32cubemx/CMakeFiles/STM32_Drivers.dir/__/__/Drivers/STM32G4xx_HAL_Driver/Src/stm32g4xx_hal.c.obj
 .debug_line    0x000053bc      0xf7f cmake/stm32cubemx/CMakeFiles/STM32_Drivers.dir/__/__/Drivers/STM32G4xx_HAL_Driver/Src/stm32g4xx_hal_rcc.c.obj
 .debug_line    0x0000633b     0x11f5 cmake/stm32cubemx/CMakeFiles/STM32_Drivers.dir/__/__/Drivers/STM32G4xx_HAL_Driver/Src/stm32g4xx_hal_rcc_ex.c.obj
 .debug_line    0x00007530      0xae8 cmake/stm32cubemx/CMakeFiles/STM32_Drivers.dir/__/__/Drivers/STM32G4xx_HAL_Driver/Src/stm32g4xx_hal_gpio.c.obj
 .debug_line    0x00008018      0xa3c cmake/stm32cubemx/CMakeFiles/STM32_Drivers.dir/__/__/Drivers/STM32G4xx_HAL_Driver/Src/stm32g4xx_hal_exti.c.obj
 .debug_line    0x00008a54      0xc5f cmake/stm32cubemx/CMakeFiles/STM32_Drivers.dir/__/__/Drivers/STM32G4xx_HAL_Driver/Src/stm32g4xx_hal_pwr_ex.c.obj
 .debug_line    0x000096b3      0xc73 cmake/stm32cubemx/CMakeFiles/STM32_Drivers.dir/__/__/Drivers/STM32G4xx_HAL_Driver/Src/stm32g4xx_hal_cortex.c.obj
 .debug_line    0x0000a326      0x90c cmake/stm32cubemx/CMakeFiles/STM32_Drivers.dir/__/__/Drivers/BSP/STM32G4xx_Nucleo/stm32g4xx_nucleo.c.obj
 .debug_line    0x0000ac32      0x93a CMakeFiles/hab_bringup.dir/Core/Src/main.c.obj
 .debug_line    0x0000b56c      0x840 CMakeFiles/hab_bringup.dir/Core/Src/stm32g4xx_it.c.obj
 .debug_line    0x0000bdac      0x7df CMakeFiles/hab_bringup.dir/Core/Src/stm32g4xx_hal_msp.c.obj
 .debug_line    0x0000c58b      0x2e6 CMakeFiles/hab_bringup.dir/Core/Src/sysmem.c.obj
 .debug_line    0x0000c871      0x60a CMakeFiles/hab_bringup.dir/Core/Src/syscalls.c.obj
 .debug_line    0x0000ce7b       0x7b CMakeFiles/hab_bringup.dir/startup_stm32g474xx.s.obj

.debug_str      0x00000000    0xebe03
 .debug_str     0x00000000    0xebe03 cmake/stm32cubemx/CMakeFiles/STM32_Drivers.dir/__/__/Core/Src/system_stm32g4xx.c.obj
                              0xe265f (size before relaxing)
 .debug_str     0x000ebe03        0x0 cmake/stm32cubemx/CMakeFiles/STM32_Drivers.dir/__/__/Drivers/STM32G4xx_HAL_Driver/Src/stm32g4xx_hal_uart.c.obj
                              0xe361a (size before relaxing)
 .debug_str     0x000ebe03        0x0 cmake/stm32cubemx/CMakeFiles/STM32_Drivers.dir/__/__/Drivers/STM32G4xx_HAL_Driver/Src/stm32g4xx_hal_uart_ex.c.obj
                              0xe2e18 (size before relaxing)
 .debug_str     0x000ebe03        0x0 cmake/stm32cubemx/CMakeFiles/STM32_Drivers.dir/__/__/Drivers/STM32G4xx_HAL_Driver/Src/stm32g4xx_hal.c.obj
                              0xe3371 (size before relaxing)
 .debug_str     0x000ebe03        0x0 cmake/stm32cubemx/CMakeFiles/STM32_Drivers.dir/__/__/Drivers/STM32G4xx_HAL_Driver/Src/stm32g4xx_hal_rcc.c.obj
                              0xe2d7e (size before relaxing)
 .debug_str     0x000ebe03        0x0 cmake/stm32cubemx/CMakeFiles/STM32_Drivers.dir/__/__/Drivers/STM32G4xx_HAL_Driver/Src/stm32g4xx_hal_rcc_ex.c.obj
                              0xe2da8 (size before relaxing)
 .debug_str     0x000ebe03        0x0 cmake/stm32cubemx/CMakeFiles/STM32_Drivers.dir/__/__/Drivers/STM32G4xx_HAL_Driver/Src/stm32g4xx_hal_gpio.c.obj
                              0xe27ea (size before relaxing)
 .debug_str     0x000ebe03        0x0 cmake/stm32cubemx/CMakeFiles/STM32_Drivers.dir/__/__/Drivers/STM32G4xx_HAL_Driver/Src/stm32g4xx_hal_exti.c.obj
                              0xe26f9 (size before relaxing)
 .debug_str     0x000ebe03        0x0 cmake/stm32cubemx/CMakeFiles/STM32_Drivers.dir/__/__/Drivers/STM32G4xx_HAL_Driver/Src/stm32g4xx_hal_pwr_ex.c.obj
                              0xe2b4d (size before relaxing)
 .debug_str     0x000ebe03        0x0 cmake/stm32cubemx/CMakeFiles/STM32_Drivers.dir/__/__/Drivers/STM32G4xx_HAL_Driver/Src/stm32g4xx_hal_cortex.c.obj
                              0xe302d (size before relaxing)
 .debug_str     0x000ebe03        0x0 cmake/stm32cubemx/CMakeFiles/STM32_Drivers.dir/__/__/Drivers/BSP/STM32G4xx_Nucleo/stm32g4xx_nucleo.c.obj
                              0xe35c2 (size before relaxing)
 .debug_str     0x000ebe03        0x0 CMakeFiles/hab_bringup.dir/Core/Src/main.c.obj
                              0xe6afc (size before relaxing)
 .debug_str     0x000ebe03        0x0 CMakeFiles/hab_bringup.dir/Core/Src/stm32g4xx_it.c.obj
                              0xe2c29 (size before relaxing)
 .debug_str     0x000ebe03        0x0 CMakeFiles/hab_bringup.dir/Core/Src/stm32g4xx_hal_msp.c.obj
                              0xe3510 (size before relaxing)
 .debug_str     0x000ebe03        0x0 CMakeFiles/hab_bringup.dir/Core/Src/sysmem.c.obj
                               0x723b (size before relaxing)
 .debug_str     0x000ebe03        0x0 CMakeFiles/hab_bringup.dir/Core/Src/syscalls.c.obj
                               0x9541 (size before relaxing)
 .debug_str     0x000ebe03        0x0 CMakeFiles/hab_bringup.dir/startup_stm32g474xx.s.obj
                                 0xa6 (size before relaxing)

.debug_frame    0x00000000     0x3314
 .debug_frame   0x00000000       0x58 cmake/stm32cubemx/CMakeFiles/STM32_Drivers.dir/__/__/Core/Src/system_stm32g4xx.c.obj
 .debug_frame   0x00000058      0xa94 cmake/stm32cubemx/CMakeFiles/STM32_Drivers.dir/__/__/Drivers/STM32G4xx_HAL_Driver/Src/stm32g4xx_hal_uart.c.obj
 .debug_frame   0x00000aec      0x2c0 cmake/stm32cubemx/CMakeFiles/STM32_Drivers.dir/__/__/Drivers/STM32G4xx_HAL_Driver/Src/stm32g4xx_hal_uart_ex.c.obj
 .debug_frame   0x00000dac      0x500 cmake/stm32cubemx/CMakeFiles/STM32_Drivers.dir/__/__/Drivers/STM32G4xx_HAL_Driver/Src/stm32g4xx_hal.c.obj
 .debug_frame   0x000012ac      0x23c cmake/stm32cubemx/CMakeFiles/STM32_Drivers.dir/__/__/Drivers/STM32G4xx_HAL_Driver/Src/stm32g4xx_hal_rcc.c.obj
 .debug_frame   0x000014e8      0x2ac cmake/stm32cubemx/CMakeFiles/STM32_Drivers.dir/__/__/Drivers/STM32G4xx_HAL_Driver/Src/stm32g4xx_hal_rcc_ex.c.obj
 .debug_frame   0x00001794      0x14c cmake/stm32cubemx/CMakeFiles/STM32_Drivers.dir/__/__/Drivers/STM32G4xx_HAL_Driver/Src/stm32g4xx_hal_gpio.c.obj
 .debug_frame   0x000018e0      0x174 cmake/stm32cubemx/CMakeFiles/STM32_Drivers.dir/__/__/Drivers/STM32G4xx_HAL_Driver/Src/stm32g4xx_hal_exti.c.obj
 .debug_frame   0x00001a54      0x4fc cmake/stm32cubemx/CMakeFiles/STM32_Drivers.dir/__/__/Drivers/STM32G4xx_HAL_Driver/Src/stm32g4xx_hal_pwr_ex.c.obj
 .debug_frame   0x00001f50      0x4e8 cmake/stm32cubemx/CMakeFiles/STM32_Drivers.dir/__/__/Drivers/STM32G4xx_HAL_Driver/Src/stm32g4xx_hal_cortex.c.obj
 .debug_frame   0x00002438      0x21c cmake/stm32cubemx/CMakeFiles/STM32_Drivers.dir/__/__/Drivers/BSP/STM32G4xx_Nucleo/stm32g4xx_nucleo.c.obj
 .debug_frame   0x00002654       0xcc CMakeFiles/hab_bringup.dir/Core/Src/main.c.obj
 .debug_frame   0x00002720      0x120 CMakeFiles/hab_bringup.dir/Core/Src/stm32g4xx_it.c.obj
 .debug_frame   0x00002840       0x80 CMakeFiles/hab_bringup.dir/Core/Src/stm32g4xx_hal_msp.c.obj