/Users/elzira/Desktop/Cube_SAT/Cube_SAT/hab_bringup/Core/Src/main.c:68:5:main	8	static
/Users/elzira/Desktop/Cube_SAT/Cube_SAT/hab_bringup/Core/Src/main.c:121:6:SystemClock_Config	88	static
/Users/elzira/Desktop/Cube_SAT/Cube_SAT/hab_bringup/Core/Src/main.c:168:13:MX_LPUART1_UART_Init	8	static
/Users/elzira/Desktop/Cube_SAT/Cube_SAT/hab_bringup/Core/Src/main.c:215:13:MX_GPIO_Init	48	static
/Users/elzira/Desktop/Cube_SAT/Cube_SAT/hab_bringup/Core/Src/main.c:245:5:__io_putchar	24	static
/Users/elzira/Desktop/Cube_SAT/Cube_SAT/hab_bringup/Core/Src/main.c:258:6:Error_Handler	4	static
